[2025-06-28T03:48:37.494+0000] {local_task_job_runner.py:123} INFO - ::group::Pre task execution logs
[2025-06-28T03:48:37.523+0000] {taskinstance.py:2612} INFO - Dependencies all met for dep_context=non-requeueable deps ti=<TaskInstance: extract_raw_data_pipeline.run_dbt_staging manual__2025-06-28T03:48:07.210022+00:00 [queued]>
[2025-06-28T03:48:37.534+0000] {taskinstance.py:2612} INFO - Dependencies all met for dep_context=requeueable deps ti=<TaskInstance: extract_raw_data_pipeline.run_dbt_staging manual__2025-06-28T03:48:07.210022+00:00 [queued]>
[2025-06-28T03:48:37.534+0000] {taskinstance.py:2865} INFO - Starting attempt 1 of 1
[2025-06-28T03:48:37.557+0000] {taskinstance.py:2888} INFO - Executing <Task(BashOperator): run_dbt_staging> on 2025-06-28 03:48:07.210022+00:00
[2025-06-28T03:48:37.571+0000] {warnings.py:112} WARNING - /home/***/.local/lib/python3.12/site-packages/***/task/task_runner/standard_task_runner.py:70: DeprecationWarning: This process (pid=194) is multi-threaded, use of fork() may lead to deadlocks in the child.
  pid = os.fork()

[2025-06-28T03:48:37.573+0000] {standard_task_runner.py:72} INFO - Started process 196 to run task
[2025-06-28T03:48:37.575+0000] {standard_task_runner.py:104} INFO - Running: ['***', 'tasks', 'run', 'extract_raw_data_pipeline', 'run_dbt_staging', 'manual__2025-06-28T03:48:07.210022+00:00', '--job-id', '7', '--raw', '--subdir', 'DAGS_FOLDER/driven_data_pipeline.py', '--cfg-path', '/tmp/tmp2n5_afq9']
[2025-06-28T03:48:37.577+0000] {standard_task_runner.py:105} INFO - Job 7: Subtask run_dbt_staging
[2025-06-28T03:48:37.663+0000] {task_command.py:467} INFO - Running <TaskInstance: extract_raw_data_pipeline.run_dbt_staging manual__2025-06-28T03:48:07.210022+00:00 [running]> on host 22c3ca85bcc9
[2025-06-28T03:48:37.779+0000] {taskinstance.py:3131} INFO - Exporting env vars: AIRFLOW_CTX_DAG_OWNER='***' AIRFLOW_CTX_DAG_ID='extract_raw_data_pipeline' AIRFLOW_CTX_TASK_ID='run_dbt_staging' AIRFLOW_CTX_EXECUTION_DATE='2025-06-28T03:48:07.210022+00:00' AIRFLOW_CTX_TRY_NUMBER='1' AIRFLOW_CTX_DAG_RUN_ID='manual__2025-06-28T03:48:07.210022+00:00'
[2025-06-28T03:48:37.780+0000] {taskinstance.py:731} INFO - ::endgroup::
[2025-06-28T03:48:37.798+0000] {subprocess.py:63} INFO - Tmp dir root location: /tmp
[2025-06-28T03:48:37.799+0000] {subprocess.py:75} INFO - Running command: ['/usr/bin/bash', '-c', 'set -x; cd /opt/***/dbt && dbt run --select tag:staging']
[2025-06-28T03:48:37.824+0000] {subprocess.py:86} INFO - Output:
[2025-06-28T03:48:37.827+0000] {subprocess.py:93} INFO - + cd /opt/***/dbt
[2025-06-28T03:48:37.827+0000] {subprocess.py:93} INFO - + dbt run --select tag:staging
[2025-06-28T03:48:39.895+0000] {subprocess.py:93} INFO - [0m03:48:39  Running with dbt=1.8.0
[2025-06-28T03:48:40.101+0000] {subprocess.py:93} INFO - [0m03:48:40  Registered adapter: postgres=1.8.2
[2025-06-28T03:48:40.212+0000] {subprocess.py:93} INFO - [0m03:48:40  Unable to do partial parsing because saved manifest not found. Starting full parse.
[2025-06-28T03:48:41.377+0000] {subprocess.py:93} INFO - [0m03:48:41  Found 9 models, 10 sources, 428 macros
[2025-06-28T03:48:41.379+0000] {subprocess.py:93} INFO - [0m03:48:41
[2025-06-28T03:48:41.592+0000] {subprocess.py:93} INFO - [0m03:48:41  Concurrency: 1 threads (target='dev')
[2025-06-28T03:48:41.592+0000] {subprocess.py:93} INFO - [0m03:48:41
[2025-06-28T03:48:41.612+0000] {subprocess.py:93} INFO - [0m03:48:41  1 of 5 START sql table model driven_staging.dim_address ........................ [RUN]
[2025-06-28T03:48:42.012+0000] {subprocess.py:93} INFO - [0m03:48:42  1 of 5 OK created sql table model driven_staging.dim_address ................... [[32mSELECT 100372[0m in 0.40s]
[2025-06-28T03:48:42.013+0000] {subprocess.py:93} INFO - [0m03:48:42  2 of 5 START sql table model driven_staging.dim_date ........................... [RUN]
[2025-06-28T03:48:42.202+0000] {subprocess.py:93} INFO - [0m03:48:42  2 of 5 OK created sql table model driven_staging.dim_date ...................... [[32mSELECT 100372[0m in 0.19s]
[2025-06-28T03:48:42.203+0000] {subprocess.py:93} INFO - [0m03:48:42  3 of 5 START sql table model driven_staging.dim_finance ........................ [RUN]
[2025-06-28T03:48:42.353+0000] {subprocess.py:93} INFO - [0m03:48:42  3 of 5 OK created sql table model driven_staging.dim_finance ................... [[32mSELECT 100372[0m in 0.15s]
[2025-06-28T03:48:42.355+0000] {subprocess.py:93} INFO - [0m03:48:42  4 of 5 START sql table model driven_staging.dim_person ......................... [RUN]
[2025-06-28T03:48:42.649+0000] {subprocess.py:93} INFO - [0m03:48:42  4 of 5 OK created sql table model driven_staging.dim_person .................... [[32mSELECT 100372[0m in 0.29s]
[2025-06-28T03:48:42.651+0000] {subprocess.py:93} INFO - [0m03:48:42  5 of 5 START sql table model driven_staging.fact_network_usage ................. [RUN]
[2025-06-28T03:48:42.812+0000] {subprocess.py:93} INFO - [0m03:48:42  5 of 5 OK created sql table model driven_staging.fact_network_usage ............ [[32mSELECT 100372[0m in 0.16s]
[2025-06-28T03:48:42.834+0000] {subprocess.py:93} INFO - [0m03:48:42
[2025-06-28T03:48:42.835+0000] {subprocess.py:93} INFO - [0m03:48:42  Finished running 5 table models in 0 hours 0 minutes and 1.45 seconds (1.45s).
[2025-06-28T03:48:42.865+0000] {subprocess.py:93} INFO - [0m03:48:42
[2025-06-28T03:48:42.865+0000] {subprocess.py:93} INFO - [0m03:48:42  [32mCompleted successfully[0m
[2025-06-28T03:48:42.866+0000] {subprocess.py:93} INFO - [0m03:48:42
[2025-06-28T03:48:42.866+0000] {subprocess.py:93} INFO - [0m03:48:42  Done. PASS=5 WARN=0 ERROR=0 SKIP=0 TOTAL=5
[2025-06-28T03:48:44.296+0000] {subprocess.py:97} INFO - Command exited with return code 0
[2025-06-28T03:48:44.338+0000] {taskinstance.py:340} INFO - ::group::Post task execution logs
[2025-06-28T03:48:44.339+0000] {taskinstance.py:352} INFO - Marking task as SUCCESS. dag_id=extract_raw_data_pipeline, task_id=run_dbt_staging, run_id=manual__2025-06-28T03:48:07.210022+00:00, execution_date=20250628T034807, start_date=20250628T034837, end_date=20250628T034844
[2025-06-28T03:48:44.392+0000] {local_task_job_runner.py:266} INFO - Task exited with return code 0
[2025-06-28T03:48:44.425+0000] {taskinstance.py:3900} INFO - 1 downstream tasks scheduled from follow-on schedule check
[2025-06-28T03:48:44.427+0000] {local_task_job_runner.py:245} INFO - ::endgroup::
