[2025-06-28T03:46:05.851+0000] {processor.py:186} INFO - Started process (PID=117) to work on /opt/airflow/dags/driven_data_pipeline.py
[2025-06-28T03:46:05.852+0000] {processor.py:914} INFO - Processing file /opt/airflow/dags/driven_data_pipeline.py for tasks to queue
[2025-06-28T03:46:05.854+0000] {logging_mixin.py:190} INFO - [2025-06-28T03:46:05.853+0000] {dagbag.py:588} INFO - Filling up the DagBag from /opt/airflow/dags/driven_data_pipeline.py
[2025-06-28T03:46:06.295+0000] {processor.py:925} INFO - DAG(s) 'extract_raw_data_pipeline' retrieved from /opt/airflow/dags/driven_data_pipeline.py
[2025-06-28T03:46:06.521+0000] {logging_mixin.py:190} INFO - [2025-06-28T03:46:06.520+0000] {override.py:1900} INFO - Created Permission View: can edit on DAG:extract_raw_data_pipeline
[2025-06-28T03:46:06.538+0000] {logging_mixin.py:190} INFO - [2025-06-28T03:46:06.538+0000] {override.py:1900} INFO - Created Permission View: can read on DAG:extract_raw_data_pipeline
[2025-06-28T03:46:06.550+0000] {logging_mixin.py:190} INFO - [2025-06-28T03:46:06.550+0000] {override.py:1900} INFO - Created Permission View: can delete on DAG:extract_raw_data_pipeline
[2025-06-28T03:46:06.563+0000] {logging_mixin.py:190} INFO - [2025-06-28T03:46:06.562+0000] {override.py:1900} INFO - Created Permission View: can delete on DAG Run:extract_raw_data_pipeline
[2025-06-28T03:46:06.576+0000] {logging_mixin.py:190} INFO - [2025-06-28T03:46:06.575+0000] {override.py:1900} INFO - Created Permission View: can read on DAG Run:extract_raw_data_pipeline
[2025-06-28T03:46:06.587+0000] {logging_mixin.py:190} INFO - [2025-06-28T03:46:06.586+0000] {override.py:1900} INFO - Created Permission View: menu access on DAG Run:extract_raw_data_pipeline
[2025-06-28T03:46:06.598+0000] {logging_mixin.py:190} INFO - [2025-06-28T03:46:06.597+0000] {override.py:1900} INFO - Created Permission View: can create on DAG Run:extract_raw_data_pipeline
[2025-06-28T03:46:06.599+0000] {logging_mixin.py:190} INFO - [2025-06-28T03:46:06.598+0000] {dag.py:3239} INFO - Sync 1 DAGs
[2025-06-28T03:46:06.616+0000] {logging_mixin.py:190} INFO - [2025-06-28T03:46:06.616+0000] {dag.py:3262} INFO - Creating ORM DAG for extract_raw_data_pipeline
[2025-06-28T03:46:06.631+0000] {logging_mixin.py:190} INFO - [2025-06-28T03:46:06.631+0000] {dag.py:4180} INFO - Setting next_dagrun for extract_raw_data_pipeline to 2025-06-28 07:00:00+00:00, run_after=2025-06-28 07:01:00+00:00
[2025-06-28T03:46:06.656+0000] {processor.py:208} INFO - Processing /opt/airflow/dags/driven_data_pipeline.py took 0.815 seconds
[2025-06-28T03:46:36.968+0000] {processor.py:186} INFO - Started process (PID=131) to work on /opt/airflow/dags/driven_data_pipeline.py
[2025-06-28T03:46:36.969+0000] {processor.py:914} INFO - Processing file /opt/airflow/dags/driven_data_pipeline.py for tasks to queue
[2025-06-28T03:46:36.971+0000] {logging_mixin.py:190} INFO - [2025-06-28T03:46:36.971+0000] {dagbag.py:588} INFO - Filling up the DagBag from /opt/airflow/dags/driven_data_pipeline.py
[2025-06-28T03:46:37.366+0000] {processor.py:925} INFO - DAG(s) 'extract_raw_data_pipeline' retrieved from /opt/airflow/dags/driven_data_pipeline.py
[2025-06-28T03:46:37.402+0000] {logging_mixin.py:190} INFO - [2025-06-28T03:46:37.402+0000] {dag.py:3239} INFO - Sync 1 DAGs
[2025-06-28T03:46:37.425+0000] {logging_mixin.py:190} INFO - [2025-06-28T03:46:37.424+0000] {dag.py:4180} INFO - Setting next_dagrun for extract_raw_data_pipeline to 2025-06-28 07:00:00+00:00, run_after=2025-06-28 07:01:00+00:00
[2025-06-28T03:46:37.450+0000] {processor.py:208} INFO - Processing /opt/airflow/dags/driven_data_pipeline.py took 0.490 seconds
[2025-06-28T03:47:07.742+0000] {processor.py:186} INFO - Started process (PID=139) to work on /opt/airflow/dags/driven_data_pipeline.py
[2025-06-28T03:47:07.743+0000] {processor.py:914} INFO - Processing file /opt/airflow/dags/driven_data_pipeline.py for tasks to queue
[2025-06-28T03:47:07.745+0000] {logging_mixin.py:190} INFO - [2025-06-28T03:47:07.745+0000] {dagbag.py:588} INFO - Filling up the DagBag from /opt/airflow/dags/driven_data_pipeline.py
[2025-06-28T03:47:08.061+0000] {processor.py:925} INFO - DAG(s) 'extract_raw_data_pipeline' retrieved from /opt/airflow/dags/driven_data_pipeline.py
[2025-06-28T03:47:08.100+0000] {logging_mixin.py:190} INFO - [2025-06-28T03:47:08.099+0000] {dag.py:3239} INFO - Sync 1 DAGs
[2025-06-28T03:47:08.126+0000] {logging_mixin.py:190} INFO - [2025-06-28T03:47:08.126+0000] {dag.py:4180} INFO - Setting next_dagrun for extract_raw_data_pipeline to 2025-06-28 07:00:00+00:00, run_after=2025-06-28 07:01:00+00:00
[2025-06-28T03:47:08.151+0000] {processor.py:208} INFO - Processing /opt/airflow/dags/driven_data_pipeline.py took 0.420 seconds
[2025-06-28T03:47:38.438+0000] {processor.py:186} INFO - Started process (PID=146) to work on /opt/airflow/dags/driven_data_pipeline.py
[2025-06-28T03:47:38.438+0000] {processor.py:914} INFO - Processing file /opt/airflow/dags/driven_data_pipeline.py for tasks to queue
[2025-06-28T03:47:38.440+0000] {logging_mixin.py:190} INFO - [2025-06-28T03:47:38.440+0000] {dagbag.py:588} INFO - Filling up the DagBag from /opt/airflow/dags/driven_data_pipeline.py
[2025-06-28T03:47:38.710+0000] {processor.py:925} INFO - DAG(s) 'extract_raw_data_pipeline' retrieved from /opt/airflow/dags/driven_data_pipeline.py
[2025-06-28T03:47:38.745+0000] {logging_mixin.py:190} INFO - [2025-06-28T03:47:38.745+0000] {dag.py:3239} INFO - Sync 1 DAGs
[2025-06-28T03:47:38.766+0000] {logging_mixin.py:190} INFO - [2025-06-28T03:47:38.766+0000] {dag.py:4180} INFO - Setting next_dagrun for extract_raw_data_pipeline to 2025-06-28 07:00:00+00:00, run_after=2025-06-28 07:01:00+00:00
[2025-06-28T03:47:38.790+0000] {processor.py:208} INFO - Processing /opt/airflow/dags/driven_data_pipeline.py took 0.362 seconds
[2025-06-28T03:48:09.087+0000] {processor.py:186} INFO - Started process (PID=158) to work on /opt/airflow/dags/driven_data_pipeline.py
[2025-06-28T03:48:09.088+0000] {processor.py:914} INFO - Processing file /opt/airflow/dags/driven_data_pipeline.py for tasks to queue
[2025-06-28T03:48:09.092+0000] {logging_mixin.py:190} INFO - [2025-06-28T03:48:09.092+0000] {dagbag.py:588} INFO - Filling up the DagBag from /opt/airflow/dags/driven_data_pipeline.py
[2025-06-28T03:48:09.592+0000] {processor.py:925} INFO - DAG(s) 'extract_raw_data_pipeline' retrieved from /opt/airflow/dags/driven_data_pipeline.py
[2025-06-28T03:48:09.627+0000] {logging_mixin.py:190} INFO - [2025-06-28T03:48:09.626+0000] {dag.py:3239} INFO - Sync 1 DAGs
[2025-06-28T03:48:09.656+0000] {logging_mixin.py:190} INFO - [2025-06-28T03:48:09.655+0000] {dag.py:4180} INFO - Setting next_dagrun for extract_raw_data_pipeline to 2025-06-28 07:00:00+00:00, run_after=2025-06-28 07:01:00+00:00
[2025-06-28T03:48:09.684+0000] {processor.py:208} INFO - Processing /opt/airflow/dags/driven_data_pipeline.py took 0.604 seconds
[2025-06-28T03:48:39.881+0000] {processor.py:186} INFO - Started process (PID=166) to work on /opt/airflow/dags/driven_data_pipeline.py
[2025-06-28T03:48:39.884+0000] {processor.py:914} INFO - Processing file /opt/airflow/dags/driven_data_pipeline.py for tasks to queue
[2025-06-28T03:48:39.887+0000] {logging_mixin.py:190} INFO - [2025-06-28T03:48:39.886+0000] {dagbag.py:588} INFO - Filling up the DagBag from /opt/airflow/dags/driven_data_pipeline.py
[2025-06-28T03:48:40.154+0000] {processor.py:925} INFO - DAG(s) 'extract_raw_data_pipeline' retrieved from /opt/airflow/dags/driven_data_pipeline.py
[2025-06-28T03:48:40.189+0000] {logging_mixin.py:190} INFO - [2025-06-28T03:48:40.189+0000] {dag.py:3239} INFO - Sync 1 DAGs
[2025-06-28T03:48:40.215+0000] {logging_mixin.py:190} INFO - [2025-06-28T03:48:40.215+0000] {dag.py:4180} INFO - Setting next_dagrun for extract_raw_data_pipeline to 2025-06-28 07:00:00+00:00, run_after=2025-06-28 07:01:00+00:00
[2025-06-28T03:48:40.238+0000] {processor.py:208} INFO - Processing /opt/airflow/dags/driven_data_pipeline.py took 0.364 seconds
[2025-06-28T03:49:10.515+0000] {processor.py:186} INFO - Started process (PID=174) to work on /opt/airflow/dags/driven_data_pipeline.py
[2025-06-28T03:49:10.515+0000] {processor.py:914} INFO - Processing file /opt/airflow/dags/driven_data_pipeline.py for tasks to queue
[2025-06-28T03:49:10.517+0000] {logging_mixin.py:190} INFO - [2025-06-28T03:49:10.517+0000] {dagbag.py:588} INFO - Filling up the DagBag from /opt/airflow/dags/driven_data_pipeline.py
[2025-06-28T03:49:10.929+0000] {processor.py:925} INFO - DAG(s) 'extract_raw_data_pipeline' retrieved from /opt/airflow/dags/driven_data_pipeline.py
[2025-06-28T03:49:10.970+0000] {logging_mixin.py:190} INFO - [2025-06-28T03:49:10.970+0000] {dag.py:3239} INFO - Sync 1 DAGs
[2025-06-28T03:49:10.999+0000] {logging_mixin.py:190} INFO - [2025-06-28T03:49:10.998+0000] {dag.py:4180} INFO - Setting next_dagrun for extract_raw_data_pipeline to 2025-06-28 07:00:00+00:00, run_after=2025-06-28 07:01:00+00:00
[2025-06-28T03:49:11.029+0000] {processor.py:208} INFO - Processing /opt/airflow/dags/driven_data_pipeline.py took 0.525 seconds
[2025-06-28T03:49:41.335+0000] {processor.py:186} INFO - Started process (PID=182) to work on /opt/airflow/dags/driven_data_pipeline.py
[2025-06-28T03:49:41.337+0000] {processor.py:914} INFO - Processing file /opt/airflow/dags/driven_data_pipeline.py for tasks to queue
[2025-06-28T03:49:41.340+0000] {logging_mixin.py:190} INFO - [2025-06-28T03:49:41.340+0000] {dagbag.py:588} INFO - Filling up the DagBag from /opt/airflow/dags/driven_data_pipeline.py
[2025-06-28T03:49:41.768+0000] {processor.py:925} INFO - DAG(s) 'extract_raw_data_pipeline' retrieved from /opt/airflow/dags/driven_data_pipeline.py
[2025-06-28T03:49:41.804+0000] {logging_mixin.py:190} INFO - [2025-06-28T03:49:41.803+0000] {dag.py:3239} INFO - Sync 1 DAGs
[2025-06-28T03:49:41.830+0000] {logging_mixin.py:190} INFO - [2025-06-28T03:49:41.830+0000] {dag.py:4180} INFO - Setting next_dagrun for extract_raw_data_pipeline to 2025-06-28 07:00:00+00:00, run_after=2025-06-28 07:01:00+00:00
[2025-06-28T03:49:41.856+0000] {processor.py:208} INFO - Processing /opt/airflow/dags/driven_data_pipeline.py took 0.533 seconds
[2025-06-28T03:50:12.020+0000] {processor.py:186} INFO - Started process (PID=190) to work on /opt/airflow/dags/driven_data_pipeline.py
[2025-06-28T03:50:12.021+0000] {processor.py:914} INFO - Processing file /opt/airflow/dags/driven_data_pipeline.py for tasks to queue
[2025-06-28T03:50:12.023+0000] {logging_mixin.py:190} INFO - [2025-06-28T03:50:12.023+0000] {dagbag.py:588} INFO - Filling up the DagBag from /opt/airflow/dags/driven_data_pipeline.py
[2025-06-28T03:50:12.440+0000] {processor.py:925} INFO - DAG(s) 'extract_raw_data_pipeline' retrieved from /opt/airflow/dags/driven_data_pipeline.py
[2025-06-28T03:50:12.477+0000] {logging_mixin.py:190} INFO - [2025-06-28T03:50:12.476+0000] {dag.py:3239} INFO - Sync 1 DAGs
[2025-06-28T03:50:12.506+0000] {logging_mixin.py:190} INFO - [2025-06-28T03:50:12.506+0000] {dag.py:4180} INFO - Setting next_dagrun for extract_raw_data_pipeline to 2025-06-28 07:00:00+00:00, run_after=2025-06-28 07:01:00+00:00
[2025-06-28T03:50:12.541+0000] {processor.py:208} INFO - Processing /opt/airflow/dags/driven_data_pipeline.py took 0.531 seconds
[2025-06-28T03:50:43.080+0000] {processor.py:186} INFO - Started process (PID=198) to work on /opt/airflow/dags/driven_data_pipeline.py
[2025-06-28T03:50:43.083+0000] {processor.py:914} INFO - Processing file /opt/airflow/dags/driven_data_pipeline.py for tasks to queue
[2025-06-28T03:50:43.087+0000] {logging_mixin.py:190} INFO - [2025-06-28T03:50:43.086+0000] {dagbag.py:588} INFO - Filling up the DagBag from /opt/airflow/dags/driven_data_pipeline.py
[2025-06-28T03:50:43.271+0000] {processor.py:925} INFO - DAG(s) 'extract_raw_data_pipeline' retrieved from /opt/airflow/dags/driven_data_pipeline.py
[2025-06-28T03:50:43.315+0000] {logging_mixin.py:190} INFO - [2025-06-28T03:50:43.315+0000] {dag.py:3239} INFO - Sync 1 DAGs
[2025-06-28T03:50:43.346+0000] {logging_mixin.py:190} INFO - [2025-06-28T03:50:43.346+0000] {dag.py:4180} INFO - Setting next_dagrun for extract_raw_data_pipeline to 2025-06-28 07:00:00+00:00, run_after=2025-06-28 07:01:00+00:00
[2025-06-28T03:50:43.380+0000] {processor.py:208} INFO - Processing /opt/airflow/dags/driven_data_pipeline.py took 0.310 seconds
[2025-06-28T03:51:13.676+0000] {processor.py:186} INFO - Started process (PID=206) to work on /opt/airflow/dags/driven_data_pipeline.py
[2025-06-28T03:51:13.677+0000] {processor.py:914} INFO - Processing file /opt/airflow/dags/driven_data_pipeline.py for tasks to queue
[2025-06-28T03:51:13.679+0000] {logging_mixin.py:190} INFO - [2025-06-28T03:51:13.679+0000] {dagbag.py:588} INFO - Filling up the DagBag from /opt/airflow/dags/driven_data_pipeline.py
[2025-06-28T03:51:13.830+0000] {processor.py:925} INFO - DAG(s) 'extract_raw_data_pipeline' retrieved from /opt/airflow/dags/driven_data_pipeline.py
[2025-06-28T03:51:13.869+0000] {logging_mixin.py:190} INFO - [2025-06-28T03:51:13.868+0000] {dag.py:3239} INFO - Sync 1 DAGs
[2025-06-28T03:51:13.895+0000] {logging_mixin.py:190} INFO - [2025-06-28T03:51:13.895+0000] {dag.py:4180} INFO - Setting next_dagrun for extract_raw_data_pipeline to 2025-06-28 07:00:00+00:00, run_after=2025-06-28 07:01:00+00:00
[2025-06-28T03:51:13.928+0000] {processor.py:208} INFO - Processing /opt/airflow/dags/driven_data_pipeline.py took 0.262 seconds
[2025-06-28T03:51:44.222+0000] {processor.py:186} INFO - Started process (PID=214) to work on /opt/airflow/dags/driven_data_pipeline.py
[2025-06-28T03:51:44.222+0000] {processor.py:914} INFO - Processing file /opt/airflow/dags/driven_data_pipeline.py for tasks to queue
[2025-06-28T03:51:44.225+0000] {logging_mixin.py:190} INFO - [2025-06-28T03:51:44.224+0000] {dagbag.py:588} INFO - Filling up the DagBag from /opt/airflow/dags/driven_data_pipeline.py
[2025-06-28T03:51:44.389+0000] {processor.py:925} INFO - DAG(s) 'extract_raw_data_pipeline' retrieved from /opt/airflow/dags/driven_data_pipeline.py
[2025-06-28T03:51:44.429+0000] {logging_mixin.py:190} INFO - [2025-06-28T03:51:44.428+0000] {dag.py:3239} INFO - Sync 1 DAGs
[2025-06-28T03:51:44.460+0000] {logging_mixin.py:190} INFO - [2025-06-28T03:51:44.460+0000] {dag.py:4180} INFO - Setting next_dagrun for extract_raw_data_pipeline to 2025-06-28 07:00:00+00:00, run_after=2025-06-28 07:01:00+00:00
[2025-06-28T03:51:44.490+0000] {processor.py:208} INFO - Processing /opt/airflow/dags/driven_data_pipeline.py took 0.278 seconds
[2025-06-28T03:52:14.791+0000] {processor.py:186} INFO - Started process (PID=222) to work on /opt/airflow/dags/driven_data_pipeline.py
[2025-06-28T03:52:14.793+0000] {processor.py:914} INFO - Processing file /opt/airflow/dags/driven_data_pipeline.py for tasks to queue
[2025-06-28T03:52:14.797+0000] {logging_mixin.py:190} INFO - [2025-06-28T03:52:14.796+0000] {dagbag.py:588} INFO - Filling up the DagBag from /opt/airflow/dags/driven_data_pipeline.py
[2025-06-28T03:52:14.997+0000] {processor.py:925} INFO - DAG(s) 'extract_raw_data_pipeline' retrieved from /opt/airflow/dags/driven_data_pipeline.py
[2025-06-28T03:52:15.044+0000] {logging_mixin.py:190} INFO - [2025-06-28T03:52:15.044+0000] {dag.py:3239} INFO - Sync 1 DAGs
[2025-06-28T03:52:15.073+0000] {logging_mixin.py:190} INFO - [2025-06-28T03:52:15.073+0000] {dag.py:4180} INFO - Setting next_dagrun for extract_raw_data_pipeline to 2025-06-28 07:00:00+00:00, run_after=2025-06-28 07:01:00+00:00
[2025-06-28T03:52:15.104+0000] {processor.py:208} INFO - Processing /opt/airflow/dags/driven_data_pipeline.py took 0.324 seconds
[2025-06-28T03:52:45.398+0000] {processor.py:186} INFO - Started process (PID=230) to work on /opt/airflow/dags/driven_data_pipeline.py
[2025-06-28T03:52:45.399+0000] {processor.py:914} INFO - Processing file /opt/airflow/dags/driven_data_pipeline.py for tasks to queue
[2025-06-28T03:52:45.401+0000] {logging_mixin.py:190} INFO - [2025-06-28T03:52:45.401+0000] {dagbag.py:588} INFO - Filling up the DagBag from /opt/airflow/dags/driven_data_pipeline.py
[2025-06-28T03:52:45.554+0000] {processor.py:925} INFO - DAG(s) 'extract_raw_data_pipeline' retrieved from /opt/airflow/dags/driven_data_pipeline.py
[2025-06-28T03:52:45.596+0000] {logging_mixin.py:190} INFO - [2025-06-28T03:52:45.596+0000] {dag.py:3239} INFO - Sync 1 DAGs
[2025-06-28T03:52:45.626+0000] {logging_mixin.py:190} INFO - [2025-06-28T03:52:45.625+0000] {dag.py:4180} INFO - Setting next_dagrun for extract_raw_data_pipeline to 2025-06-28 07:00:00+00:00, run_after=2025-06-28 07:01:00+00:00
[2025-06-28T03:52:45.658+0000] {processor.py:208} INFO - Processing /opt/airflow/dags/driven_data_pipeline.py took 0.270 seconds
[2025-06-28T03:53:15.957+0000] {processor.py:186} INFO - Started process (PID=238) to work on /opt/airflow/dags/driven_data_pipeline.py
[2025-06-28T03:53:15.959+0000] {processor.py:914} INFO - Processing file /opt/airflow/dags/driven_data_pipeline.py for tasks to queue
[2025-06-28T03:53:15.963+0000] {logging_mixin.py:190} INFO - [2025-06-28T03:53:15.962+0000] {dagbag.py:588} INFO - Filling up the DagBag from /opt/airflow/dags/driven_data_pipeline.py
[2025-06-28T03:53:16.119+0000] {processor.py:925} INFO - DAG(s) 'extract_raw_data_pipeline' retrieved from /opt/airflow/dags/driven_data_pipeline.py
[2025-06-28T03:53:16.163+0000] {logging_mixin.py:190} INFO - [2025-06-28T03:53:16.163+0000] {dag.py:3239} INFO - Sync 1 DAGs
[2025-06-28T03:53:16.191+0000] {logging_mixin.py:190} INFO - [2025-06-28T03:53:16.191+0000] {dag.py:4180} INFO - Setting next_dagrun for extract_raw_data_pipeline to 2025-06-28 07:00:00+00:00, run_after=2025-06-28 07:01:00+00:00
[2025-06-28T03:53:16.221+0000] {processor.py:208} INFO - Processing /opt/airflow/dags/driven_data_pipeline.py took 0.275 seconds
[2025-06-28T03:53:46.513+0000] {processor.py:186} INFO - Started process (PID=246) to work on /opt/airflow/dags/driven_data_pipeline.py
[2025-06-28T03:53:46.514+0000] {processor.py:914} INFO - Processing file /opt/airflow/dags/driven_data_pipeline.py for tasks to queue
[2025-06-28T03:53:46.517+0000] {logging_mixin.py:190} INFO - [2025-06-28T03:53:46.516+0000] {dagbag.py:588} INFO - Filling up the DagBag from /opt/airflow/dags/driven_data_pipeline.py
[2025-06-28T03:53:46.675+0000] {processor.py:925} INFO - DAG(s) 'extract_raw_data_pipeline' retrieved from /opt/airflow/dags/driven_data_pipeline.py
[2025-06-28T03:53:46.716+0000] {logging_mixin.py:190} INFO - [2025-06-28T03:53:46.716+0000] {dag.py:3239} INFO - Sync 1 DAGs
[2025-06-28T03:53:46.749+0000] {logging_mixin.py:190} INFO - [2025-06-28T03:53:46.748+0000] {dag.py:4180} INFO - Setting next_dagrun for extract_raw_data_pipeline to 2025-06-28 07:00:00+00:00, run_after=2025-06-28 07:01:00+00:00
[2025-06-28T03:53:46.776+0000] {processor.py:208} INFO - Processing /opt/airflow/dags/driven_data_pipeline.py took 0.275 seconds
[2025-06-28T03:54:17.054+0000] {processor.py:186} INFO - Started process (PID=254) to work on /opt/airflow/dags/driven_data_pipeline.py
[2025-06-28T03:54:17.056+0000] {processor.py:914} INFO - Processing file /opt/airflow/dags/driven_data_pipeline.py for tasks to queue
[2025-06-28T03:54:17.060+0000] {logging_mixin.py:190} INFO - [2025-06-28T03:54:17.059+0000] {dagbag.py:588} INFO - Filling up the DagBag from /opt/airflow/dags/driven_data_pipeline.py
[2025-06-28T03:54:17.218+0000] {processor.py:925} INFO - DAG(s) 'extract_raw_data_pipeline' retrieved from /opt/airflow/dags/driven_data_pipeline.py
[2025-06-28T03:54:17.262+0000] {logging_mixin.py:190} INFO - [2025-06-28T03:54:17.262+0000] {dag.py:3239} INFO - Sync 1 DAGs
[2025-06-28T03:54:17.302+0000] {logging_mixin.py:190} INFO - [2025-06-28T03:54:17.302+0000] {dag.py:4180} INFO - Setting next_dagrun for extract_raw_data_pipeline to 2025-06-28 07:00:00+00:00, run_after=2025-06-28 07:01:00+00:00
[2025-06-28T03:54:17.332+0000] {processor.py:208} INFO - Processing /opt/airflow/dags/driven_data_pipeline.py took 0.287 seconds
[2025-06-28T03:54:47.623+0000] {processor.py:186} INFO - Started process (PID=262) to work on /opt/airflow/dags/driven_data_pipeline.py
[2025-06-28T03:54:47.624+0000] {processor.py:914} INFO - Processing file /opt/airflow/dags/driven_data_pipeline.py for tasks to queue
[2025-06-28T03:54:47.626+0000] {logging_mixin.py:190} INFO - [2025-06-28T03:54:47.626+0000] {dagbag.py:588} INFO - Filling up the DagBag from /opt/airflow/dags/driven_data_pipeline.py
[2025-06-28T03:54:47.780+0000] {processor.py:925} INFO - DAG(s) 'extract_raw_data_pipeline' retrieved from /opt/airflow/dags/driven_data_pipeline.py
[2025-06-28T03:54:47.823+0000] {logging_mixin.py:190} INFO - [2025-06-28T03:54:47.822+0000] {dag.py:3239} INFO - Sync 1 DAGs
[2025-06-28T03:54:47.851+0000] {logging_mixin.py:190} INFO - [2025-06-28T03:54:47.851+0000] {dag.py:4180} INFO - Setting next_dagrun for extract_raw_data_pipeline to 2025-06-28 07:00:00+00:00, run_after=2025-06-28 07:01:00+00:00
[2025-06-28T03:54:47.881+0000] {processor.py:208} INFO - Processing /opt/airflow/dags/driven_data_pipeline.py took 0.269 seconds
[2025-06-28T03:55:18.179+0000] {processor.py:186} INFO - Started process (PID=270) to work on /opt/airflow/dags/driven_data_pipeline.py
[2025-06-28T03:55:18.182+0000] {processor.py:914} INFO - Processing file /opt/airflow/dags/driven_data_pipeline.py for tasks to queue
[2025-06-28T03:55:18.185+0000] {logging_mixin.py:190} INFO - [2025-06-28T03:55:18.185+0000] {dagbag.py:588} INFO - Filling up the DagBag from /opt/airflow/dags/driven_data_pipeline.py
[2025-06-28T03:55:18.381+0000] {processor.py:925} INFO - DAG(s) 'extract_raw_data_pipeline' retrieved from /opt/airflow/dags/driven_data_pipeline.py
[2025-06-28T03:55:18.420+0000] {logging_mixin.py:190} INFO - [2025-06-28T03:55:18.420+0000] {dag.py:3239} INFO - Sync 1 DAGs
[2025-06-28T03:55:18.446+0000] {logging_mixin.py:190} INFO - [2025-06-28T03:55:18.445+0000] {dag.py:4180} INFO - Setting next_dagrun for extract_raw_data_pipeline to 2025-06-28 07:00:00+00:00, run_after=2025-06-28 07:01:00+00:00
[2025-06-28T03:55:18.472+0000] {processor.py:208} INFO - Processing /opt/airflow/dags/driven_data_pipeline.py took 0.304 seconds
[2025-06-28T03:55:48.762+0000] {processor.py:186} INFO - Started process (PID=278) to work on /opt/airflow/dags/driven_data_pipeline.py
[2025-06-28T03:55:48.763+0000] {processor.py:914} INFO - Processing file /opt/airflow/dags/driven_data_pipeline.py for tasks to queue
[2025-06-28T03:55:48.765+0000] {logging_mixin.py:190} INFO - [2025-06-28T03:55:48.765+0000] {dagbag.py:588} INFO - Filling up the DagBag from /opt/airflow/dags/driven_data_pipeline.py
[2025-06-28T03:55:48.923+0000] {processor.py:925} INFO - DAG(s) 'extract_raw_data_pipeline' retrieved from /opt/airflow/dags/driven_data_pipeline.py
[2025-06-28T03:55:48.960+0000] {logging_mixin.py:190} INFO - [2025-06-28T03:55:48.960+0000] {dag.py:3239} INFO - Sync 1 DAGs
[2025-06-28T03:55:48.992+0000] {logging_mixin.py:190} INFO - [2025-06-28T03:55:48.992+0000] {dag.py:4180} INFO - Setting next_dagrun for extract_raw_data_pipeline to 2025-06-28 07:00:00+00:00, run_after=2025-06-28 07:01:00+00:00
[2025-06-28T03:55:49.019+0000] {processor.py:208} INFO - Processing /opt/airflow/dags/driven_data_pipeline.py took 0.269 seconds
[2025-06-28T03:56:19.320+0000] {processor.py:186} INFO - Started process (PID=286) to work on /opt/airflow/dags/driven_data_pipeline.py
[2025-06-28T03:56:19.321+0000] {processor.py:914} INFO - Processing file /opt/airflow/dags/driven_data_pipeline.py for tasks to queue
[2025-06-28T03:56:19.324+0000] {logging_mixin.py:190} INFO - [2025-06-28T03:56:19.323+0000] {dagbag.py:588} INFO - Filling up the DagBag from /opt/airflow/dags/driven_data_pipeline.py
[2025-06-28T03:56:19.481+0000] {processor.py:925} INFO - DAG(s) 'extract_raw_data_pipeline' retrieved from /opt/airflow/dags/driven_data_pipeline.py
[2025-06-28T03:56:19.523+0000] {logging_mixin.py:190} INFO - [2025-06-28T03:56:19.523+0000] {dag.py:3239} INFO - Sync 1 DAGs
[2025-06-28T03:56:19.551+0000] {logging_mixin.py:190} INFO - [2025-06-28T03:56:19.551+0000] {dag.py:4180} INFO - Setting next_dagrun for extract_raw_data_pipeline to 2025-06-28 07:00:00+00:00, run_after=2025-06-28 07:01:00+00:00
[2025-06-28T03:56:19.585+0000] {processor.py:208} INFO - Processing /opt/airflow/dags/driven_data_pipeline.py took 0.274 seconds
[2025-06-28T03:56:49.866+0000] {processor.py:186} INFO - Started process (PID=293) to work on /opt/airflow/dags/driven_data_pipeline.py
[2025-06-28T03:56:49.866+0000] {processor.py:914} INFO - Processing file /opt/airflow/dags/driven_data_pipeline.py for tasks to queue
[2025-06-28T03:56:49.869+0000] {logging_mixin.py:190} INFO - [2025-06-28T03:56:49.869+0000] {dagbag.py:588} INFO - Filling up the DagBag from /opt/airflow/dags/driven_data_pipeline.py
[2025-06-28T03:56:50.020+0000] {processor.py:925} INFO - DAG(s) 'extract_raw_data_pipeline' retrieved from /opt/airflow/dags/driven_data_pipeline.py
[2025-06-28T03:56:50.061+0000] {logging_mixin.py:190} INFO - [2025-06-28T03:56:50.061+0000] {dag.py:3239} INFO - Sync 1 DAGs
[2025-06-28T03:56:50.093+0000] {logging_mixin.py:190} INFO - [2025-06-28T03:56:50.093+0000] {dag.py:4180} INFO - Setting next_dagrun for extract_raw_data_pipeline to 2025-06-28 07:00:00+00:00, run_after=2025-06-28 07:01:00+00:00
[2025-06-28T03:56:50.125+0000] {processor.py:208} INFO - Processing /opt/airflow/dags/driven_data_pipeline.py took 0.267 seconds
[2025-06-28T03:57:20.422+0000] {processor.py:186} INFO - Started process (PID=301) to work on /opt/airflow/dags/driven_data_pipeline.py
[2025-06-28T03:57:20.423+0000] {processor.py:914} INFO - Processing file /opt/airflow/dags/driven_data_pipeline.py for tasks to queue
[2025-06-28T03:57:20.426+0000] {logging_mixin.py:190} INFO - [2025-06-28T03:57:20.425+0000] {dagbag.py:588} INFO - Filling up the DagBag from /opt/airflow/dags/driven_data_pipeline.py
[2025-06-28T03:57:20.586+0000] {processor.py:925} INFO - DAG(s) 'extract_raw_data_pipeline' retrieved from /opt/airflow/dags/driven_data_pipeline.py
[2025-06-28T03:57:20.626+0000] {logging_mixin.py:190} INFO - [2025-06-28T03:57:20.626+0000] {dag.py:3239} INFO - Sync 1 DAGs
[2025-06-28T03:57:20.654+0000] {logging_mixin.py:190} INFO - [2025-06-28T03:57:20.654+0000] {dag.py:4180} INFO - Setting next_dagrun for extract_raw_data_pipeline to 2025-06-28 07:00:00+00:00, run_after=2025-06-28 07:01:00+00:00
[2025-06-28T03:57:20.682+0000] {processor.py:208} INFO - Processing /opt/airflow/dags/driven_data_pipeline.py took 0.272 seconds
[2025-06-28T03:57:50.970+0000] {processor.py:186} INFO - Started process (PID=309) to work on /opt/airflow/dags/driven_data_pipeline.py
[2025-06-28T03:57:50.971+0000] {processor.py:914} INFO - Processing file /opt/airflow/dags/driven_data_pipeline.py for tasks to queue
[2025-06-28T03:57:50.973+0000] {logging_mixin.py:190} INFO - [2025-06-28T03:57:50.973+0000] {dagbag.py:588} INFO - Filling up the DagBag from /opt/airflow/dags/driven_data_pipeline.py
[2025-06-28T03:57:51.137+0000] {processor.py:925} INFO - DAG(s) 'extract_raw_data_pipeline' retrieved from /opt/airflow/dags/driven_data_pipeline.py
[2025-06-28T03:57:51.178+0000] {logging_mixin.py:190} INFO - [2025-06-28T03:57:51.177+0000] {dag.py:3239} INFO - Sync 1 DAGs
[2025-06-28T03:57:51.203+0000] {logging_mixin.py:190} INFO - [2025-06-28T03:57:51.202+0000] {dag.py:4180} INFO - Setting next_dagrun for extract_raw_data_pipeline to 2025-06-28 07:00:00+00:00, run_after=2025-06-28 07:01:00+00:00
[2025-06-28T03:57:51.227+0000] {processor.py:208} INFO - Processing /opt/airflow/dags/driven_data_pipeline.py took 0.269 seconds
[2025-06-28T03:58:21.522+0000] {processor.py:186} INFO - Started process (PID=317) to work on /opt/airflow/dags/driven_data_pipeline.py
[2025-06-28T03:58:21.523+0000] {processor.py:914} INFO - Processing file /opt/airflow/dags/driven_data_pipeline.py for tasks to queue
[2025-06-28T03:58:21.525+0000] {logging_mixin.py:190} INFO - [2025-06-28T03:58:21.524+0000] {dagbag.py:588} INFO - Filling up the DagBag from /opt/airflow/dags/driven_data_pipeline.py
[2025-06-28T03:58:21.686+0000] {processor.py:925} INFO - DAG(s) 'extract_raw_data_pipeline' retrieved from /opt/airflow/dags/driven_data_pipeline.py
[2025-06-28T03:58:21.726+0000] {logging_mixin.py:190} INFO - [2025-06-28T03:58:21.725+0000] {dag.py:3239} INFO - Sync 1 DAGs
[2025-06-28T03:58:21.753+0000] {logging_mixin.py:190} INFO - [2025-06-28T03:58:21.753+0000] {dag.py:4180} INFO - Setting next_dagrun for extract_raw_data_pipeline to 2025-06-28 07:00:00+00:00, run_after=2025-06-28 07:01:00+00:00
[2025-06-28T03:58:21.781+0000] {processor.py:208} INFO - Processing /opt/airflow/dags/driven_data_pipeline.py took 0.271 seconds
[2025-06-28T03:58:52.071+0000] {processor.py:186} INFO - Started process (PID=326) to work on /opt/airflow/dags/driven_data_pipeline.py
[2025-06-28T03:58:52.074+0000] {processor.py:914} INFO - Processing file /opt/airflow/dags/driven_data_pipeline.py for tasks to queue
[2025-06-28T03:58:52.078+0000] {logging_mixin.py:190} INFO - [2025-06-28T03:58:52.078+0000] {dagbag.py:588} INFO - Filling up the DagBag from /opt/airflow/dags/driven_data_pipeline.py
[2025-06-28T03:58:52.264+0000] {processor.py:925} INFO - DAG(s) 'extract_raw_data_pipeline' retrieved from /opt/airflow/dags/driven_data_pipeline.py
[2025-06-28T03:58:52.307+0000] {logging_mixin.py:190} INFO - [2025-06-28T03:58:52.307+0000] {dag.py:3239} INFO - Sync 1 DAGs
[2025-06-28T03:58:52.337+0000] {logging_mixin.py:190} INFO - [2025-06-28T03:58:52.337+0000] {dag.py:4180} INFO - Setting next_dagrun for extract_raw_data_pipeline to 2025-06-28 07:00:00+00:00, run_after=2025-06-28 07:01:00+00:00
[2025-06-28T03:58:52.373+0000] {processor.py:208} INFO - Processing /opt/airflow/dags/driven_data_pipeline.py took 0.311 seconds
[2025-06-28T03:59:22.666+0000] {processor.py:186} INFO - Started process (PID=334) to work on /opt/airflow/dags/driven_data_pipeline.py
[2025-06-28T03:59:22.667+0000] {processor.py:914} INFO - Processing file /opt/airflow/dags/driven_data_pipeline.py for tasks to queue
[2025-06-28T03:59:22.670+0000] {logging_mixin.py:190} INFO - [2025-06-28T03:59:22.669+0000] {dagbag.py:588} INFO - Filling up the DagBag from /opt/airflow/dags/driven_data_pipeline.py
[2025-06-28T03:59:22.830+0000] {processor.py:925} INFO - DAG(s) 'extract_raw_data_pipeline' retrieved from /opt/airflow/dags/driven_data_pipeline.py
[2025-06-28T03:59:22.871+0000] {logging_mixin.py:190} INFO - [2025-06-28T03:59:22.870+0000] {dag.py:3239} INFO - Sync 1 DAGs
[2025-06-28T03:59:22.897+0000] {logging_mixin.py:190} INFO - [2025-06-28T03:59:22.897+0000] {dag.py:4180} INFO - Setting next_dagrun for extract_raw_data_pipeline to 2025-06-28 07:00:00+00:00, run_after=2025-06-28 07:01:00+00:00
[2025-06-28T03:59:22.928+0000] {processor.py:208} INFO - Processing /opt/airflow/dags/driven_data_pipeline.py took 0.273 seconds
[2025-06-28T03:59:53.217+0000] {processor.py:186} INFO - Started process (PID=342) to work on /opt/airflow/dags/driven_data_pipeline.py
[2025-06-28T03:59:53.220+0000] {processor.py:914} INFO - Processing file /opt/airflow/dags/driven_data_pipeline.py for tasks to queue
[2025-06-28T03:59:53.223+0000] {logging_mixin.py:190} INFO - [2025-06-28T03:59:53.223+0000] {dagbag.py:588} INFO - Filling up the DagBag from /opt/airflow/dags/driven_data_pipeline.py
[2025-06-28T03:59:53.378+0000] {processor.py:925} INFO - DAG(s) 'extract_raw_data_pipeline' retrieved from /opt/airflow/dags/driven_data_pipeline.py
[2025-06-28T03:59:53.420+0000] {logging_mixin.py:190} INFO - [2025-06-28T03:59:53.419+0000] {dag.py:3239} INFO - Sync 1 DAGs
[2025-06-28T03:59:53.451+0000] {logging_mixin.py:190} INFO - [2025-06-28T03:59:53.451+0000] {dag.py:4180} INFO - Setting next_dagrun for extract_raw_data_pipeline to 2025-06-28 07:00:00+00:00, run_after=2025-06-28 07:01:00+00:00
[2025-06-28T03:59:53.480+0000] {processor.py:208} INFO - Processing /opt/airflow/dags/driven_data_pipeline.py took 0.273 seconds
[2025-06-28T04:00:23.773+0000] {processor.py:186} INFO - Started process (PID=350) to work on /opt/airflow/dags/driven_data_pipeline.py
[2025-06-28T04:00:23.774+0000] {processor.py:914} INFO - Processing file /opt/airflow/dags/driven_data_pipeline.py for tasks to queue
[2025-06-28T04:00:23.777+0000] {logging_mixin.py:190} INFO - [2025-06-28T04:00:23.776+0000] {dagbag.py:588} INFO - Filling up the DagBag from /opt/airflow/dags/driven_data_pipeline.py
[2025-06-28T04:00:23.926+0000] {processor.py:925} INFO - DAG(s) 'extract_raw_data_pipeline' retrieved from /opt/airflow/dags/driven_data_pipeline.py
[2025-06-28T04:00:23.964+0000] {logging_mixin.py:190} INFO - [2025-06-28T04:00:23.963+0000] {dag.py:3239} INFO - Sync 1 DAGs
[2025-06-28T04:00:23.995+0000] {logging_mixin.py:190} INFO - [2025-06-28T04:00:23.995+0000] {dag.py:4180} INFO - Setting next_dagrun for extract_raw_data_pipeline to 2025-06-28 07:00:00+00:00, run_after=2025-06-28 07:01:00+00:00
[2025-06-28T04:00:24.026+0000] {processor.py:208} INFO - Processing /opt/airflow/dags/driven_data_pipeline.py took 0.263 seconds
[2025-06-28T04:00:54.318+0000] {processor.py:186} INFO - Started process (PID=358) to work on /opt/airflow/dags/driven_data_pipeline.py
[2025-06-28T04:00:54.320+0000] {processor.py:914} INFO - Processing file /opt/airflow/dags/driven_data_pipeline.py for tasks to queue
[2025-06-28T04:00:54.323+0000] {logging_mixin.py:190} INFO - [2025-06-28T04:00:54.323+0000] {dagbag.py:588} INFO - Filling up the DagBag from /opt/airflow/dags/driven_data_pipeline.py
[2025-06-28T04:00:54.478+0000] {processor.py:925} INFO - DAG(s) 'extract_raw_data_pipeline' retrieved from /opt/airflow/dags/driven_data_pipeline.py
[2025-06-28T04:00:54.520+0000] {logging_mixin.py:190} INFO - [2025-06-28T04:00:54.519+0000] {dag.py:3239} INFO - Sync 1 DAGs
[2025-06-28T04:00:54.549+0000] {logging_mixin.py:190} INFO - [2025-06-28T04:00:54.549+0000] {dag.py:4180} INFO - Setting next_dagrun for extract_raw_data_pipeline to 2025-06-28 07:00:00+00:00, run_after=2025-06-28 07:01:00+00:00
[2025-06-28T04:00:54.579+0000] {processor.py:208} INFO - Processing /opt/airflow/dags/driven_data_pipeline.py took 0.273 seconds
[2025-06-28T04:01:24.874+0000] {processor.py:186} INFO - Started process (PID=366) to work on /opt/airflow/dags/driven_data_pipeline.py
[2025-06-28T04:01:24.875+0000] {processor.py:914} INFO - Processing file /opt/airflow/dags/driven_data_pipeline.py for tasks to queue
[2025-06-28T04:01:24.877+0000] {logging_mixin.py:190} INFO - [2025-06-28T04:01:24.877+0000] {dagbag.py:588} INFO - Filling up the DagBag from /opt/airflow/dags/driven_data_pipeline.py
[2025-06-28T04:01:25.028+0000] {processor.py:925} INFO - DAG(s) 'extract_raw_data_pipeline' retrieved from /opt/airflow/dags/driven_data_pipeline.py
[2025-06-28T04:01:25.074+0000] {logging_mixin.py:190} INFO - [2025-06-28T04:01:25.073+0000] {dag.py:3239} INFO - Sync 1 DAGs
[2025-06-28T04:01:25.101+0000] {logging_mixin.py:190} INFO - [2025-06-28T04:01:25.101+0000] {dag.py:4180} INFO - Setting next_dagrun for extract_raw_data_pipeline to 2025-06-28 07:00:00+00:00, run_after=2025-06-28 07:01:00+00:00
[2025-06-28T04:01:25.132+0000] {processor.py:208} INFO - Processing /opt/airflow/dags/driven_data_pipeline.py took 0.268 seconds
[2025-06-28T04:01:55.423+0000] {processor.py:186} INFO - Started process (PID=374) to work on /opt/airflow/dags/driven_data_pipeline.py
[2025-06-28T04:01:55.426+0000] {processor.py:914} INFO - Processing file /opt/airflow/dags/driven_data_pipeline.py for tasks to queue
[2025-06-28T04:01:55.428+0000] {logging_mixin.py:190} INFO - [2025-06-28T04:01:55.428+0000] {dagbag.py:588} INFO - Filling up the DagBag from /opt/airflow/dags/driven_data_pipeline.py
[2025-06-28T04:01:55.584+0000] {processor.py:925} INFO - DAG(s) 'extract_raw_data_pipeline' retrieved from /opt/airflow/dags/driven_data_pipeline.py
[2025-06-28T04:01:55.620+0000] {logging_mixin.py:190} INFO - [2025-06-28T04:01:55.620+0000] {dag.py:3239} INFO - Sync 1 DAGs
[2025-06-28T04:01:55.650+0000] {logging_mixin.py:190} INFO - [2025-06-28T04:01:55.649+0000] {dag.py:4180} INFO - Setting next_dagrun for extract_raw_data_pipeline to 2025-06-28 07:00:00+00:00, run_after=2025-06-28 07:01:00+00:00
[2025-06-28T04:01:55.671+0000] {processor.py:208} INFO - Processing /opt/airflow/dags/driven_data_pipeline.py took 0.258 seconds
[2025-06-28T04:02:25.959+0000] {processor.py:186} INFO - Started process (PID=382) to work on /opt/airflow/dags/driven_data_pipeline.py
[2025-06-28T04:02:25.960+0000] {processor.py:914} INFO - Processing file /opt/airflow/dags/driven_data_pipeline.py for tasks to queue
[2025-06-28T04:02:25.962+0000] {logging_mixin.py:190} INFO - [2025-06-28T04:02:25.962+0000] {dagbag.py:588} INFO - Filling up the DagBag from /opt/airflow/dags/driven_data_pipeline.py
[2025-06-28T04:02:26.124+0000] {processor.py:925} INFO - DAG(s) 'extract_raw_data_pipeline' retrieved from /opt/airflow/dags/driven_data_pipeline.py
[2025-06-28T04:02:26.162+0000] {logging_mixin.py:190} INFO - [2025-06-28T04:02:26.162+0000] {dag.py:3239} INFO - Sync 1 DAGs
[2025-06-28T04:02:26.194+0000] {logging_mixin.py:190} INFO - [2025-06-28T04:02:26.194+0000] {dag.py:4180} INFO - Setting next_dagrun for extract_raw_data_pipeline to 2025-06-28 07:00:00+00:00, run_after=2025-06-28 07:01:00+00:00
[2025-06-28T04:02:26.226+0000] {processor.py:208} INFO - Processing /opt/airflow/dags/driven_data_pipeline.py took 0.276 seconds
[2025-06-28T04:02:56.514+0000] {processor.py:186} INFO - Started process (PID=390) to work on /opt/airflow/dags/driven_data_pipeline.py
[2025-06-28T04:02:56.515+0000] {processor.py:914} INFO - Processing file /opt/airflow/dags/driven_data_pipeline.py for tasks to queue
[2025-06-28T04:02:56.518+0000] {logging_mixin.py:190} INFO - [2025-06-28T04:02:56.517+0000] {dagbag.py:588} INFO - Filling up the DagBag from /opt/airflow/dags/driven_data_pipeline.py
[2025-06-28T04:02:56.669+0000] {processor.py:925} INFO - DAG(s) 'extract_raw_data_pipeline' retrieved from /opt/airflow/dags/driven_data_pipeline.py
[2025-06-28T04:02:56.713+0000] {logging_mixin.py:190} INFO - [2025-06-28T04:02:56.713+0000] {dag.py:3239} INFO - Sync 1 DAGs
[2025-06-28T04:02:56.742+0000] {logging_mixin.py:190} INFO - [2025-06-28T04:02:56.742+0000] {dag.py:4180} INFO - Setting next_dagrun for extract_raw_data_pipeline to 2025-06-28 07:00:00+00:00, run_after=2025-06-28 07:01:00+00:00
[2025-06-28T04:02:56.772+0000] {processor.py:208} INFO - Processing /opt/airflow/dags/driven_data_pipeline.py took 0.267 seconds
[2025-06-28T04:03:27.070+0000] {processor.py:186} INFO - Started process (PID=398) to work on /opt/airflow/dags/driven_data_pipeline.py
[2025-06-28T04:03:27.070+0000] {processor.py:914} INFO - Processing file /opt/airflow/dags/driven_data_pipeline.py for tasks to queue
[2025-06-28T04:03:27.073+0000] {logging_mixin.py:190} INFO - [2025-06-28T04:03:27.073+0000] {dagbag.py:588} INFO - Filling up the DagBag from /opt/airflow/dags/driven_data_pipeline.py
[2025-06-28T04:03:27.224+0000] {processor.py:925} INFO - DAG(s) 'extract_raw_data_pipeline' retrieved from /opt/airflow/dags/driven_data_pipeline.py
[2025-06-28T04:03:27.266+0000] {logging_mixin.py:190} INFO - [2025-06-28T04:03:27.266+0000] {dag.py:3239} INFO - Sync 1 DAGs
[2025-06-28T04:03:27.294+0000] {logging_mixin.py:190} INFO - [2025-06-28T04:03:27.294+0000] {dag.py:4180} INFO - Setting next_dagrun for extract_raw_data_pipeline to 2025-06-28 07:00:00+00:00, run_after=2025-06-28 07:01:00+00:00
[2025-06-28T04:03:27.328+0000] {processor.py:208} INFO - Processing /opt/airflow/dags/driven_data_pipeline.py took 0.270 seconds
[2025-06-28T04:03:57.620+0000] {processor.py:186} INFO - Started process (PID=406) to work on /opt/airflow/dags/driven_data_pipeline.py
[2025-06-28T04:03:57.621+0000] {processor.py:914} INFO - Processing file /opt/airflow/dags/driven_data_pipeline.py for tasks to queue
[2025-06-28T04:03:57.624+0000] {logging_mixin.py:190} INFO - [2025-06-28T04:03:57.623+0000] {dagbag.py:588} INFO - Filling up the DagBag from /opt/airflow/dags/driven_data_pipeline.py
[2025-06-28T04:03:57.775+0000] {processor.py:925} INFO - DAG(s) 'extract_raw_data_pipeline' retrieved from /opt/airflow/dags/driven_data_pipeline.py
[2025-06-28T04:03:57.814+0000] {logging_mixin.py:190} INFO - [2025-06-28T04:03:57.814+0000] {dag.py:3239} INFO - Sync 1 DAGs
[2025-06-28T04:03:57.841+0000] {logging_mixin.py:190} INFO - [2025-06-28T04:03:57.841+0000] {dag.py:4180} INFO - Setting next_dagrun for extract_raw_data_pipeline to 2025-06-28 07:00:00+00:00, run_after=2025-06-28 07:01:00+00:00
[2025-06-28T04:03:57.871+0000] {processor.py:208} INFO - Processing /opt/airflow/dags/driven_data_pipeline.py took 0.262 seconds
[2025-06-28T04:04:28.166+0000] {processor.py:186} INFO - Started process (PID=414) to work on /opt/airflow/dags/driven_data_pipeline.py
[2025-06-28T04:04:28.169+0000] {processor.py:914} INFO - Processing file /opt/airflow/dags/driven_data_pipeline.py for tasks to queue
[2025-06-28T04:04:28.172+0000] {logging_mixin.py:190} INFO - [2025-06-28T04:04:28.172+0000] {dagbag.py:588} INFO - Filling up the DagBag from /opt/airflow/dags/driven_data_pipeline.py
[2025-06-28T04:04:28.327+0000] {processor.py:925} INFO - DAG(s) 'extract_raw_data_pipeline' retrieved from /opt/airflow/dags/driven_data_pipeline.py
[2025-06-28T04:04:28.368+0000] {logging_mixin.py:190} INFO - [2025-06-28T04:04:28.368+0000] {dag.py:3239} INFO - Sync 1 DAGs
[2025-06-28T04:04:28.395+0000] {logging_mixin.py:190} INFO - [2025-06-28T04:04:28.395+0000] {dag.py:4180} INFO - Setting next_dagrun for extract_raw_data_pipeline to 2025-06-28 07:00:00+00:00, run_after=2025-06-28 07:01:00+00:00
[2025-06-28T04:04:28.428+0000] {processor.py:208} INFO - Processing /opt/airflow/dags/driven_data_pipeline.py took 0.272 seconds
[2025-06-28T04:04:58.725+0000] {processor.py:186} INFO - Started process (PID=422) to work on /opt/airflow/dags/driven_data_pipeline.py
[2025-06-28T04:04:58.726+0000] {processor.py:914} INFO - Processing file /opt/airflow/dags/driven_data_pipeline.py for tasks to queue
[2025-06-28T04:04:58.729+0000] {logging_mixin.py:190} INFO - [2025-06-28T04:04:58.728+0000] {dagbag.py:588} INFO - Filling up the DagBag from /opt/airflow/dags/driven_data_pipeline.py
[2025-06-28T04:04:58.880+0000] {processor.py:925} INFO - DAG(s) 'extract_raw_data_pipeline' retrieved from /opt/airflow/dags/driven_data_pipeline.py
[2025-06-28T04:04:58.918+0000] {logging_mixin.py:190} INFO - [2025-06-28T04:04:58.918+0000] {dag.py:3239} INFO - Sync 1 DAGs
[2025-06-28T04:04:58.948+0000] {logging_mixin.py:190} INFO - [2025-06-28T04:04:58.947+0000] {dag.py:4180} INFO - Setting next_dagrun for extract_raw_data_pipeline to 2025-06-28 07:00:00+00:00, run_after=2025-06-28 07:01:00+00:00
[2025-06-28T04:04:58.976+0000] {processor.py:208} INFO - Processing /opt/airflow/dags/driven_data_pipeline.py took 0.261 seconds
[2025-06-28T04:05:29.265+0000] {processor.py:186} INFO - Started process (PID=430) to work on /opt/airflow/dags/driven_data_pipeline.py
[2025-06-28T04:05:29.266+0000] {processor.py:914} INFO - Processing file /opt/airflow/dags/driven_data_pipeline.py for tasks to queue
[2025-06-28T04:05:29.269+0000] {logging_mixin.py:190} INFO - [2025-06-28T04:05:29.268+0000] {dagbag.py:588} INFO - Filling up the DagBag from /opt/airflow/dags/driven_data_pipeline.py
[2025-06-28T04:05:29.420+0000] {processor.py:925} INFO - DAG(s) 'extract_raw_data_pipeline' retrieved from /opt/airflow/dags/driven_data_pipeline.py
[2025-06-28T04:05:29.464+0000] {logging_mixin.py:190} INFO - [2025-06-28T04:05:29.464+0000] {dag.py:3239} INFO - Sync 1 DAGs
[2025-06-28T04:05:29.491+0000] {logging_mixin.py:190} INFO - [2025-06-28T04:05:29.491+0000] {dag.py:4180} INFO - Setting next_dagrun for extract_raw_data_pipeline to 2025-06-28 07:00:00+00:00, run_after=2025-06-28 07:01:00+00:00
[2025-06-28T04:05:29.523+0000] {processor.py:208} INFO - Processing /opt/airflow/dags/driven_data_pipeline.py took 0.269 seconds
[2025-06-28T04:05:59.817+0000] {processor.py:186} INFO - Started process (PID=438) to work on /opt/airflow/dags/driven_data_pipeline.py
[2025-06-28T04:05:59.819+0000] {processor.py:914} INFO - Processing file /opt/airflow/dags/driven_data_pipeline.py for tasks to queue
[2025-06-28T04:05:59.823+0000] {logging_mixin.py:190} INFO - [2025-06-28T04:05:59.822+0000] {dagbag.py:588} INFO - Filling up the DagBag from /opt/airflow/dags/driven_data_pipeline.py
[2025-06-28T04:05:59.990+0000] {processor.py:925} INFO - DAG(s) 'extract_raw_data_pipeline' retrieved from /opt/airflow/dags/driven_data_pipeline.py
[2025-06-28T04:06:00.036+0000] {logging_mixin.py:190} INFO - [2025-06-28T04:06:00.035+0000] {dag.py:3239} INFO - Sync 1 DAGs
[2025-06-28T04:06:00.069+0000] {logging_mixin.py:190} INFO - [2025-06-28T04:06:00.069+0000] {dag.py:4180} INFO - Setting next_dagrun for extract_raw_data_pipeline to 2025-06-28 07:00:00+00:00, run_after=2025-06-28 07:01:00+00:00
[2025-06-28T04:06:00.105+0000] {processor.py:208} INFO - Processing /opt/airflow/dags/driven_data_pipeline.py took 0.302 seconds
[2025-06-28T04:06:30.401+0000] {processor.py:186} INFO - Started process (PID=446) to work on /opt/airflow/dags/driven_data_pipeline.py
[2025-06-28T04:06:30.403+0000] {processor.py:914} INFO - Processing file /opt/airflow/dags/driven_data_pipeline.py for tasks to queue
[2025-06-28T04:06:30.408+0000] {logging_mixin.py:190} INFO - [2025-06-28T04:06:30.407+0000] {dagbag.py:588} INFO - Filling up the DagBag from /opt/airflow/dags/driven_data_pipeline.py
[2025-06-28T04:06:30.562+0000] {processor.py:925} INFO - DAG(s) 'extract_raw_data_pipeline' retrieved from /opt/airflow/dags/driven_data_pipeline.py
[2025-06-28T04:06:30.602+0000] {logging_mixin.py:190} INFO - [2025-06-28T04:06:30.601+0000] {dag.py:3239} INFO - Sync 1 DAGs
[2025-06-28T04:06:30.630+0000] {logging_mixin.py:190} INFO - [2025-06-28T04:06:30.630+0000] {dag.py:4180} INFO - Setting next_dagrun for extract_raw_data_pipeline to 2025-06-28 07:00:00+00:00, run_after=2025-06-28 07:01:00+00:00
[2025-06-28T04:06:30.662+0000] {processor.py:208} INFO - Processing /opt/airflow/dags/driven_data_pipeline.py took 0.270 seconds
[2025-06-28T04:07:00.948+0000] {processor.py:186} INFO - Started process (PID=454) to work on /opt/airflow/dags/driven_data_pipeline.py
[2025-06-28T04:07:00.949+0000] {processor.py:914} INFO - Processing file /opt/airflow/dags/driven_data_pipeline.py for tasks to queue
[2025-06-28T04:07:00.952+0000] {logging_mixin.py:190} INFO - [2025-06-28T04:07:00.951+0000] {dagbag.py:588} INFO - Filling up the DagBag from /opt/airflow/dags/driven_data_pipeline.py
[2025-06-28T04:07:01.115+0000] {processor.py:925} INFO - DAG(s) 'extract_raw_data_pipeline' retrieved from /opt/airflow/dags/driven_data_pipeline.py
[2025-06-28T04:07:01.157+0000] {logging_mixin.py:190} INFO - [2025-06-28T04:07:01.156+0000] {dag.py:3239} INFO - Sync 1 DAGs
[2025-06-28T04:07:01.187+0000] {logging_mixin.py:190} INFO - [2025-06-28T04:07:01.186+0000] {dag.py:4180} INFO - Setting next_dagrun for extract_raw_data_pipeline to 2025-06-28 07:00:00+00:00, run_after=2025-06-28 07:01:00+00:00
[2025-06-28T04:07:01.215+0000] {processor.py:208} INFO - Processing /opt/airflow/dags/driven_data_pipeline.py took 0.274 seconds
[2025-06-28T04:07:31.510+0000] {processor.py:186} INFO - Started process (PID=462) to work on /opt/airflow/dags/driven_data_pipeline.py
[2025-06-28T04:07:31.513+0000] {processor.py:914} INFO - Processing file /opt/airflow/dags/driven_data_pipeline.py for tasks to queue
[2025-06-28T04:07:31.516+0000] {logging_mixin.py:190} INFO - [2025-06-28T04:07:31.516+0000] {dagbag.py:588} INFO - Filling up the DagBag from /opt/airflow/dags/driven_data_pipeline.py
[2025-06-28T04:07:31.672+0000] {processor.py:925} INFO - DAG(s) 'extract_raw_data_pipeline' retrieved from /opt/airflow/dags/driven_data_pipeline.py
[2025-06-28T04:07:31.716+0000] {logging_mixin.py:190} INFO - [2025-06-28T04:07:31.715+0000] {dag.py:3239} INFO - Sync 1 DAGs
[2025-06-28T04:07:31.743+0000] {logging_mixin.py:190} INFO - [2025-06-28T04:07:31.743+0000] {dag.py:4180} INFO - Setting next_dagrun for extract_raw_data_pipeline to 2025-06-28 07:00:00+00:00, run_after=2025-06-28 07:01:00+00:00
[2025-06-28T04:07:31.774+0000] {processor.py:208} INFO - Processing /opt/airflow/dags/driven_data_pipeline.py took 0.273 seconds
[2025-06-28T04:08:02.061+0000] {processor.py:186} INFO - Started process (PID=470) to work on /opt/airflow/dags/driven_data_pipeline.py
[2025-06-28T04:08:02.062+0000] {processor.py:914} INFO - Processing file /opt/airflow/dags/driven_data_pipeline.py for tasks to queue
[2025-06-28T04:08:02.064+0000] {logging_mixin.py:190} INFO - [2025-06-28T04:08:02.064+0000] {dagbag.py:588} INFO - Filling up the DagBag from /opt/airflow/dags/driven_data_pipeline.py
[2025-06-28T04:08:02.218+0000] {processor.py:925} INFO - DAG(s) 'extract_raw_data_pipeline' retrieved from /opt/airflow/dags/driven_data_pipeline.py
[2025-06-28T04:08:02.257+0000] {logging_mixin.py:190} INFO - [2025-06-28T04:08:02.257+0000] {dag.py:3239} INFO - Sync 1 DAGs
[2025-06-28T04:08:02.283+0000] {logging_mixin.py:190} INFO - [2025-06-28T04:08:02.283+0000] {dag.py:4180} INFO - Setting next_dagrun for extract_raw_data_pipeline to 2025-06-28 07:00:00+00:00, run_after=2025-06-28 07:01:00+00:00
[2025-06-28T04:08:02.311+0000] {processor.py:208} INFO - Processing /opt/airflow/dags/driven_data_pipeline.py took 0.259 seconds
[2025-06-28T04:08:32.608+0000] {processor.py:186} INFO - Started process (PID=478) to work on /opt/airflow/dags/driven_data_pipeline.py
[2025-06-28T04:08:32.610+0000] {processor.py:914} INFO - Processing file /opt/airflow/dags/driven_data_pipeline.py for tasks to queue
[2025-06-28T04:08:32.613+0000] {logging_mixin.py:190} INFO - [2025-06-28T04:08:32.613+0000] {dagbag.py:588} INFO - Filling up the DagBag from /opt/airflow/dags/driven_data_pipeline.py
[2025-06-28T04:08:32.771+0000] {processor.py:925} INFO - DAG(s) 'extract_raw_data_pipeline' retrieved from /opt/airflow/dags/driven_data_pipeline.py
[2025-06-28T04:08:32.814+0000] {logging_mixin.py:190} INFO - [2025-06-28T04:08:32.814+0000] {dag.py:3239} INFO - Sync 1 DAGs
[2025-06-28T04:08:32.842+0000] {logging_mixin.py:190} INFO - [2025-06-28T04:08:32.842+0000] {dag.py:4180} INFO - Setting next_dagrun for extract_raw_data_pipeline to 2025-06-28 07:00:00+00:00, run_after=2025-06-28 07:01:00+00:00
[2025-06-28T04:08:32.876+0000] {processor.py:208} INFO - Processing /opt/airflow/dags/driven_data_pipeline.py took 0.275 seconds
[2025-06-28T04:09:03.164+0000] {processor.py:186} INFO - Started process (PID=486) to work on /opt/airflow/dags/driven_data_pipeline.py
[2025-06-28T04:09:03.165+0000] {processor.py:914} INFO - Processing file /opt/airflow/dags/driven_data_pipeline.py for tasks to queue
[2025-06-28T04:09:03.167+0000] {logging_mixin.py:190} INFO - [2025-06-28T04:09:03.167+0000] {dagbag.py:588} INFO - Filling up the DagBag from /opt/airflow/dags/driven_data_pipeline.py
[2025-06-28T04:09:03.338+0000] {processor.py:925} INFO - DAG(s) 'extract_raw_data_pipeline' retrieved from /opt/airflow/dags/driven_data_pipeline.py
[2025-06-28T04:09:03.372+0000] {logging_mixin.py:190} INFO - [2025-06-28T04:09:03.372+0000] {dag.py:3239} INFO - Sync 1 DAGs
[2025-06-28T04:09:03.400+0000] {logging_mixin.py:190} INFO - [2025-06-28T04:09:03.400+0000] {dag.py:4180} INFO - Setting next_dagrun for extract_raw_data_pipeline to 2025-06-28 07:00:00+00:00, run_after=2025-06-28 07:01:00+00:00
[2025-06-28T04:09:03.427+0000] {processor.py:208} INFO - Processing /opt/airflow/dags/driven_data_pipeline.py took 0.269 seconds
[2025-06-28T04:09:33.718+0000] {processor.py:186} INFO - Started process (PID=494) to work on /opt/airflow/dags/driven_data_pipeline.py
[2025-06-28T04:09:33.719+0000] {processor.py:914} INFO - Processing file /opt/airflow/dags/driven_data_pipeline.py for tasks to queue
[2025-06-28T04:09:33.721+0000] {logging_mixin.py:190} INFO - [2025-06-28T04:09:33.721+0000] {dagbag.py:588} INFO - Filling up the DagBag from /opt/airflow/dags/driven_data_pipeline.py
[2025-06-28T04:09:33.893+0000] {processor.py:925} INFO - DAG(s) 'extract_raw_data_pipeline' retrieved from /opt/airflow/dags/driven_data_pipeline.py
[2025-06-28T04:09:33.937+0000] {logging_mixin.py:190} INFO - [2025-06-28T04:09:33.937+0000] {dag.py:3239} INFO - Sync 1 DAGs
[2025-06-28T04:09:33.965+0000] {logging_mixin.py:190} INFO - [2025-06-28T04:09:33.964+0000] {dag.py:4180} INFO - Setting next_dagrun for extract_raw_data_pipeline to 2025-06-28 07:00:00+00:00, run_after=2025-06-28 07:01:00+00:00
[2025-06-28T04:09:33.997+0000] {processor.py:208} INFO - Processing /opt/airflow/dags/driven_data_pipeline.py took 0.289 seconds
[2025-06-28T04:10:04.285+0000] {processor.py:186} INFO - Started process (PID=502) to work on /opt/airflow/dags/driven_data_pipeline.py
[2025-06-28T04:10:04.286+0000] {processor.py:914} INFO - Processing file /opt/airflow/dags/driven_data_pipeline.py for tasks to queue
[2025-06-28T04:10:04.288+0000] {logging_mixin.py:190} INFO - [2025-06-28T04:10:04.288+0000] {dagbag.py:588} INFO - Filling up the DagBag from /opt/airflow/dags/driven_data_pipeline.py
[2025-06-28T04:10:04.440+0000] {processor.py:925} INFO - DAG(s) 'extract_raw_data_pipeline' retrieved from /opt/airflow/dags/driven_data_pipeline.py
[2025-06-28T04:10:04.483+0000] {logging_mixin.py:190} INFO - [2025-06-28T04:10:04.483+0000] {dag.py:3239} INFO - Sync 1 DAGs
[2025-06-28T04:10:04.511+0000] {logging_mixin.py:190} INFO - [2025-06-28T04:10:04.511+0000] {dag.py:4180} INFO - Setting next_dagrun for extract_raw_data_pipeline to 2025-06-28 07:00:00+00:00, run_after=2025-06-28 07:01:00+00:00
[2025-06-28T04:10:04.542+0000] {processor.py:208} INFO - Processing /opt/airflow/dags/driven_data_pipeline.py took 0.266 seconds
[2025-06-28T04:10:34.839+0000] {processor.py:186} INFO - Started process (PID=510) to work on /opt/airflow/dags/driven_data_pipeline.py
[2025-06-28T04:10:34.839+0000] {processor.py:914} INFO - Processing file /opt/airflow/dags/driven_data_pipeline.py for tasks to queue
[2025-06-28T04:10:34.842+0000] {logging_mixin.py:190} INFO - [2025-06-28T04:10:34.842+0000] {dagbag.py:588} INFO - Filling up the DagBag from /opt/airflow/dags/driven_data_pipeline.py
[2025-06-28T04:10:34.998+0000] {processor.py:925} INFO - DAG(s) 'extract_raw_data_pipeline' retrieved from /opt/airflow/dags/driven_data_pipeline.py
[2025-06-28T04:10:35.037+0000] {logging_mixin.py:190} INFO - [2025-06-28T04:10:35.036+0000] {dag.py:3239} INFO - Sync 1 DAGs
[2025-06-28T04:10:35.067+0000] {logging_mixin.py:190} INFO - [2025-06-28T04:10:35.067+0000] {dag.py:4180} INFO - Setting next_dagrun for extract_raw_data_pipeline to 2025-06-28 07:00:00+00:00, run_after=2025-06-28 07:01:00+00:00
[2025-06-28T04:10:35.098+0000] {processor.py:208} INFO - Processing /opt/airflow/dags/driven_data_pipeline.py took 0.268 seconds
[2025-06-28T04:11:05.394+0000] {processor.py:186} INFO - Started process (PID=518) to work on /opt/airflow/dags/driven_data_pipeline.py
[2025-06-28T04:11:05.397+0000] {processor.py:914} INFO - Processing file /opt/airflow/dags/driven_data_pipeline.py for tasks to queue
[2025-06-28T04:11:05.401+0000] {logging_mixin.py:190} INFO - [2025-06-28T04:11:05.400+0000] {dagbag.py:588} INFO - Filling up the DagBag from /opt/airflow/dags/driven_data_pipeline.py
[2025-06-28T04:11:05.556+0000] {processor.py:925} INFO - DAG(s) 'extract_raw_data_pipeline' retrieved from /opt/airflow/dags/driven_data_pipeline.py
[2025-06-28T04:11:05.594+0000] {logging_mixin.py:190} INFO - [2025-06-28T04:11:05.594+0000] {dag.py:3239} INFO - Sync 1 DAGs
[2025-06-28T04:11:05.624+0000] {logging_mixin.py:190} INFO - [2025-06-28T04:11:05.624+0000] {dag.py:4180} INFO - Setting next_dagrun for extract_raw_data_pipeline to 2025-06-28 07:00:00+00:00, run_after=2025-06-28 07:01:00+00:00
[2025-06-28T04:11:05.652+0000] {processor.py:208} INFO - Processing /opt/airflow/dags/driven_data_pipeline.py took 0.267 seconds
[2025-06-28T04:11:35.940+0000] {processor.py:186} INFO - Started process (PID=526) to work on /opt/airflow/dags/driven_data_pipeline.py
[2025-06-28T04:11:35.940+0000] {processor.py:914} INFO - Processing file /opt/airflow/dags/driven_data_pipeline.py for tasks to queue
[2025-06-28T04:11:35.943+0000] {logging_mixin.py:190} INFO - [2025-06-28T04:11:35.943+0000] {dagbag.py:588} INFO - Filling up the DagBag from /opt/airflow/dags/driven_data_pipeline.py
[2025-06-28T04:11:36.093+0000] {processor.py:925} INFO - DAG(s) 'extract_raw_data_pipeline' retrieved from /opt/airflow/dags/driven_data_pipeline.py
[2025-06-28T04:11:36.136+0000] {logging_mixin.py:190} INFO - [2025-06-28T04:11:36.136+0000] {dag.py:3239} INFO - Sync 1 DAGs
[2025-06-28T04:11:36.168+0000] {logging_mixin.py:190} INFO - [2025-06-28T04:11:36.167+0000] {dag.py:4180} INFO - Setting next_dagrun for extract_raw_data_pipeline to 2025-06-28 07:00:00+00:00, run_after=2025-06-28 07:01:00+00:00
[2025-06-28T04:11:36.198+0000] {processor.py:208} INFO - Processing /opt/airflow/dags/driven_data_pipeline.py took 0.265 seconds
[2025-06-28T04:12:06.483+0000] {processor.py:186} INFO - Started process (PID=534) to work on /opt/airflow/dags/driven_data_pipeline.py
[2025-06-28T04:12:06.487+0000] {processor.py:914} INFO - Processing file /opt/airflow/dags/driven_data_pipeline.py for tasks to queue
[2025-06-28T04:12:06.490+0000] {logging_mixin.py:190} INFO - [2025-06-28T04:12:06.489+0000] {dagbag.py:588} INFO - Filling up the DagBag from /opt/airflow/dags/driven_data_pipeline.py
[2025-06-28T04:12:06.656+0000] {processor.py:925} INFO - DAG(s) 'extract_raw_data_pipeline' retrieved from /opt/airflow/dags/driven_data_pipeline.py
[2025-06-28T04:12:06.703+0000] {logging_mixin.py:190} INFO - [2025-06-28T04:12:06.703+0000] {dag.py:3239} INFO - Sync 1 DAGs
[2025-06-28T04:12:06.731+0000] {logging_mixin.py:190} INFO - [2025-06-28T04:12:06.731+0000] {dag.py:4180} INFO - Setting next_dagrun for extract_raw_data_pipeline to 2025-06-28 07:00:00+00:00, run_after=2025-06-28 07:01:00+00:00
[2025-06-28T04:12:06.759+0000] {processor.py:208} INFO - Processing /opt/airflow/dags/driven_data_pipeline.py took 0.289 seconds
[2025-06-28T04:12:37.055+0000] {processor.py:186} INFO - Started process (PID=542) to work on /opt/airflow/dags/driven_data_pipeline.py
[2025-06-28T04:12:37.055+0000] {processor.py:914} INFO - Processing file /opt/airflow/dags/driven_data_pipeline.py for tasks to queue
[2025-06-28T04:12:37.058+0000] {logging_mixin.py:190} INFO - [2025-06-28T04:12:37.057+0000] {dagbag.py:588} INFO - Filling up the DagBag from /opt/airflow/dags/driven_data_pipeline.py
[2025-06-28T04:12:37.213+0000] {processor.py:925} INFO - DAG(s) 'extract_raw_data_pipeline' retrieved from /opt/airflow/dags/driven_data_pipeline.py
[2025-06-28T04:12:37.253+0000] {logging_mixin.py:190} INFO - [2025-06-28T04:12:37.253+0000] {dag.py:3239} INFO - Sync 1 DAGs
[2025-06-28T04:12:37.279+0000] {logging_mixin.py:190} INFO - [2025-06-28T04:12:37.279+0000] {dag.py:4180} INFO - Setting next_dagrun for extract_raw_data_pipeline to 2025-06-28 07:00:00+00:00, run_after=2025-06-28 07:01:00+00:00
[2025-06-28T04:12:37.309+0000] {processor.py:208} INFO - Processing /opt/airflow/dags/driven_data_pipeline.py took 0.267 seconds
[2025-06-28T04:13:07.598+0000] {processor.py:186} INFO - Started process (PID=550) to work on /opt/airflow/dags/driven_data_pipeline.py
[2025-06-28T04:13:07.599+0000] {processor.py:914} INFO - Processing file /opt/airflow/dags/driven_data_pipeline.py for tasks to queue
[2025-06-28T04:13:07.602+0000] {logging_mixin.py:190} INFO - [2025-06-28T04:13:07.601+0000] {dagbag.py:588} INFO - Filling up the DagBag from /opt/airflow/dags/driven_data_pipeline.py
[2025-06-28T04:13:07.760+0000] {processor.py:925} INFO - DAG(s) 'extract_raw_data_pipeline' retrieved from /opt/airflow/dags/driven_data_pipeline.py
[2025-06-28T04:13:07.798+0000] {logging_mixin.py:190} INFO - [2025-06-28T04:13:07.797+0000] {dag.py:3239} INFO - Sync 1 DAGs
[2025-06-28T04:13:07.834+0000] {logging_mixin.py:190} INFO - [2025-06-28T04:13:07.833+0000] {dag.py:4180} INFO - Setting next_dagrun for extract_raw_data_pipeline to 2025-06-28 07:00:00+00:00, run_after=2025-06-28 07:01:00+00:00
[2025-06-28T04:13:07.864+0000] {processor.py:208} INFO - Processing /opt/airflow/dags/driven_data_pipeline.py took 0.276 seconds
[2025-06-28T04:13:38.158+0000] {processor.py:186} INFO - Started process (PID=558) to work on /opt/airflow/dags/driven_data_pipeline.py
[2025-06-28T04:13:38.159+0000] {processor.py:914} INFO - Processing file /opt/airflow/dags/driven_data_pipeline.py for tasks to queue
[2025-06-28T04:13:38.162+0000] {logging_mixin.py:190} INFO - [2025-06-28T04:13:38.161+0000] {dagbag.py:588} INFO - Filling up the DagBag from /opt/airflow/dags/driven_data_pipeline.py
[2025-06-28T04:13:38.361+0000] {processor.py:925} INFO - DAG(s) 'extract_raw_data_pipeline' retrieved from /opt/airflow/dags/driven_data_pipeline.py
[2025-06-28T04:13:38.407+0000] {logging_mixin.py:190} INFO - [2025-06-28T04:13:38.406+0000] {dag.py:3239} INFO - Sync 1 DAGs
[2025-06-28T04:13:38.435+0000] {logging_mixin.py:190} INFO - [2025-06-28T04:13:38.435+0000] {dag.py:4180} INFO - Setting next_dagrun for extract_raw_data_pipeline to 2025-06-28 07:00:00+00:00, run_after=2025-06-28 07:01:00+00:00
[2025-06-28T04:13:38.467+0000] {processor.py:208} INFO - Processing /opt/airflow/dags/driven_data_pipeline.py took 0.317 seconds
[2025-06-28T04:14:08.773+0000] {processor.py:186} INFO - Started process (PID=566) to work on /opt/airflow/dags/driven_data_pipeline.py
[2025-06-28T04:14:08.776+0000] {processor.py:914} INFO - Processing file /opt/airflow/dags/driven_data_pipeline.py for tasks to queue
[2025-06-28T04:14:08.779+0000] {logging_mixin.py:190} INFO - [2025-06-28T04:14:08.779+0000] {dagbag.py:588} INFO - Filling up the DagBag from /opt/airflow/dags/driven_data_pipeline.py
[2025-06-28T04:14:08.941+0000] {processor.py:925} INFO - DAG(s) 'extract_raw_data_pipeline' retrieved from /opt/airflow/dags/driven_data_pipeline.py
[2025-06-28T04:14:08.983+0000] {logging_mixin.py:190} INFO - [2025-06-28T04:14:08.983+0000] {dag.py:3239} INFO - Sync 1 DAGs
[2025-06-28T04:14:09.011+0000] {logging_mixin.py:190} INFO - [2025-06-28T04:14:09.011+0000] {dag.py:4180} INFO - Setting next_dagrun for extract_raw_data_pipeline to 2025-06-28 07:00:00+00:00, run_after=2025-06-28 07:01:00+00:00
[2025-06-28T04:14:09.041+0000] {processor.py:208} INFO - Processing /opt/airflow/dags/driven_data_pipeline.py took 0.278 seconds
[2025-06-28T04:14:39.332+0000] {processor.py:186} INFO - Started process (PID=574) to work on /opt/airflow/dags/driven_data_pipeline.py
[2025-06-28T04:14:39.332+0000] {processor.py:914} INFO - Processing file /opt/airflow/dags/driven_data_pipeline.py for tasks to queue
[2025-06-28T04:14:39.335+0000] {logging_mixin.py:190} INFO - [2025-06-28T04:14:39.335+0000] {dagbag.py:588} INFO - Filling up the DagBag from /opt/airflow/dags/driven_data_pipeline.py
[2025-06-28T04:14:39.486+0000] {processor.py:925} INFO - DAG(s) 'extract_raw_data_pipeline' retrieved from /opt/airflow/dags/driven_data_pipeline.py
[2025-06-28T04:14:39.526+0000] {logging_mixin.py:190} INFO - [2025-06-28T04:14:39.525+0000] {dag.py:3239} INFO - Sync 1 DAGs
[2025-06-28T04:14:39.558+0000] {logging_mixin.py:190} INFO - [2025-06-28T04:14:39.557+0000] {dag.py:4180} INFO - Setting next_dagrun for extract_raw_data_pipeline to 2025-06-28 07:00:00+00:00, run_after=2025-06-28 07:01:00+00:00
[2025-06-28T04:14:39.587+0000] {processor.py:208} INFO - Processing /opt/airflow/dags/driven_data_pipeline.py took 0.266 seconds
[2025-06-28T04:15:09.871+0000] {processor.py:186} INFO - Started process (PID=582) to work on /opt/airflow/dags/driven_data_pipeline.py
[2025-06-28T04:15:09.874+0000] {processor.py:914} INFO - Processing file /opt/airflow/dags/driven_data_pipeline.py for tasks to queue
[2025-06-28T04:15:09.877+0000] {logging_mixin.py:190} INFO - [2025-06-28T04:15:09.876+0000] {dagbag.py:588} INFO - Filling up the DagBag from /opt/airflow/dags/driven_data_pipeline.py
[2025-06-28T04:15:10.032+0000] {processor.py:925} INFO - DAG(s) 'extract_raw_data_pipeline' retrieved from /opt/airflow/dags/driven_data_pipeline.py
[2025-06-28T04:15:10.079+0000] {logging_mixin.py:190} INFO - [2025-06-28T04:15:10.078+0000] {dag.py:3239} INFO - Sync 1 DAGs
[2025-06-28T04:15:10.117+0000] {logging_mixin.py:190} INFO - [2025-06-28T04:15:10.117+0000] {dag.py:4180} INFO - Setting next_dagrun for extract_raw_data_pipeline to 2025-06-28 07:00:00+00:00, run_after=2025-06-28 07:01:00+00:00
[2025-06-28T04:15:10.147+0000] {processor.py:208} INFO - Processing /opt/airflow/dags/driven_data_pipeline.py took 0.288 seconds
[2025-06-28T04:15:40.454+0000] {processor.py:186} INFO - Started process (PID=590) to work on /opt/airflow/dags/driven_data_pipeline.py
[2025-06-28T04:15:40.455+0000] {processor.py:914} INFO - Processing file /opt/airflow/dags/driven_data_pipeline.py for tasks to queue
[2025-06-28T04:15:40.459+0000] {logging_mixin.py:190} INFO - [2025-06-28T04:15:40.458+0000] {dagbag.py:588} INFO - Filling up the DagBag from /opt/airflow/dags/driven_data_pipeline.py
[2025-06-28T04:15:40.621+0000] {processor.py:925} INFO - DAG(s) 'extract_raw_data_pipeline' retrieved from /opt/airflow/dags/driven_data_pipeline.py
[2025-06-28T04:15:40.662+0000] {logging_mixin.py:190} INFO - [2025-06-28T04:15:40.662+0000] {dag.py:3239} INFO - Sync 1 DAGs
[2025-06-28T04:15:40.689+0000] {logging_mixin.py:190} INFO - [2025-06-28T04:15:40.688+0000] {dag.py:4180} INFO - Setting next_dagrun for extract_raw_data_pipeline to 2025-06-28 07:00:00+00:00, run_after=2025-06-28 07:01:00+00:00
[2025-06-28T04:15:40.709+0000] {processor.py:208} INFO - Processing /opt/airflow/dags/driven_data_pipeline.py took 0.266 seconds
[2025-06-28T04:16:10.998+0000] {processor.py:186} INFO - Started process (PID=598) to work on /opt/airflow/dags/driven_data_pipeline.py
[2025-06-28T04:16:10.999+0000] {processor.py:914} INFO - Processing file /opt/airflow/dags/driven_data_pipeline.py for tasks to queue
[2025-06-28T04:16:11.001+0000] {logging_mixin.py:190} INFO - [2025-06-28T04:16:11.001+0000] {dagbag.py:588} INFO - Filling up the DagBag from /opt/airflow/dags/driven_data_pipeline.py
[2025-06-28T04:16:11.194+0000] {processor.py:925} INFO - DAG(s) 'extract_raw_data_pipeline' retrieved from /opt/airflow/dags/driven_data_pipeline.py
[2025-06-28T04:16:11.235+0000] {logging_mixin.py:190} INFO - [2025-06-28T04:16:11.235+0000] {dag.py:3239} INFO - Sync 1 DAGs
[2025-06-28T04:16:11.266+0000] {logging_mixin.py:190} INFO - [2025-06-28T04:16:11.265+0000] {dag.py:4180} INFO - Setting next_dagrun for extract_raw_data_pipeline to 2025-06-28 07:00:00+00:00, run_after=2025-06-28 07:01:00+00:00
[2025-06-28T04:16:11.297+0000] {processor.py:208} INFO - Processing /opt/airflow/dags/driven_data_pipeline.py took 0.306 seconds
[2025-06-28T04:16:41.596+0000] {processor.py:186} INFO - Started process (PID=606) to work on /opt/airflow/dags/driven_data_pipeline.py
[2025-06-28T04:16:41.598+0000] {processor.py:914} INFO - Processing file /opt/airflow/dags/driven_data_pipeline.py for tasks to queue
[2025-06-28T04:16:41.600+0000] {logging_mixin.py:190} INFO - [2025-06-28T04:16:41.600+0000] {dagbag.py:588} INFO - Filling up the DagBag from /opt/airflow/dags/driven_data_pipeline.py
[2025-06-28T04:16:41.751+0000] {processor.py:925} INFO - DAG(s) 'extract_raw_data_pipeline' retrieved from /opt/airflow/dags/driven_data_pipeline.py
[2025-06-28T04:16:41.790+0000] {logging_mixin.py:190} INFO - [2025-06-28T04:16:41.790+0000] {dag.py:3239} INFO - Sync 1 DAGs
[2025-06-28T04:16:41.817+0000] {logging_mixin.py:190} INFO - [2025-06-28T04:16:41.816+0000] {dag.py:4180} INFO - Setting next_dagrun for extract_raw_data_pipeline to 2025-06-28 07:00:00+00:00, run_after=2025-06-28 07:01:00+00:00
[2025-06-28T04:16:41.852+0000] {processor.py:208} INFO - Processing /opt/airflow/dags/driven_data_pipeline.py took 0.268 seconds
[2025-06-28T04:17:12.135+0000] {processor.py:186} INFO - Started process (PID=614) to work on /opt/airflow/dags/driven_data_pipeline.py
[2025-06-28T04:17:12.135+0000] {processor.py:914} INFO - Processing file /opt/airflow/dags/driven_data_pipeline.py for tasks to queue
[2025-06-28T04:17:12.138+0000] {logging_mixin.py:190} INFO - [2025-06-28T04:17:12.138+0000] {dagbag.py:588} INFO - Filling up the DagBag from /opt/airflow/dags/driven_data_pipeline.py
[2025-06-28T04:17:12.293+0000] {processor.py:925} INFO - DAG(s) 'extract_raw_data_pipeline' retrieved from /opt/airflow/dags/driven_data_pipeline.py
[2025-06-28T04:17:12.336+0000] {logging_mixin.py:190} INFO - [2025-06-28T04:17:12.335+0000] {dag.py:3239} INFO - Sync 1 DAGs
[2025-06-28T04:17:12.365+0000] {logging_mixin.py:190} INFO - [2025-06-28T04:17:12.365+0000] {dag.py:4180} INFO - Setting next_dagrun for extract_raw_data_pipeline to 2025-06-28 07:00:00+00:00, run_after=2025-06-28 07:01:00+00:00
[2025-06-28T04:17:12.397+0000] {processor.py:208} INFO - Processing /opt/airflow/dags/driven_data_pipeline.py took 0.274 seconds
[2025-06-28T04:17:42.683+0000] {processor.py:186} INFO - Started process (PID=623) to work on /opt/airflow/dags/driven_data_pipeline.py
[2025-06-28T04:17:42.686+0000] {processor.py:914} INFO - Processing file /opt/airflow/dags/driven_data_pipeline.py for tasks to queue
[2025-06-28T04:17:42.690+0000] {logging_mixin.py:190} INFO - [2025-06-28T04:17:42.689+0000] {dagbag.py:588} INFO - Filling up the DagBag from /opt/airflow/dags/driven_data_pipeline.py
[2025-06-28T04:17:42.845+0000] {processor.py:925} INFO - DAG(s) 'extract_raw_data_pipeline' retrieved from /opt/airflow/dags/driven_data_pipeline.py
[2025-06-28T04:17:42.889+0000] {logging_mixin.py:190} INFO - [2025-06-28T04:17:42.889+0000] {dag.py:3239} INFO - Sync 1 DAGs
[2025-06-28T04:17:42.916+0000] {logging_mixin.py:190} INFO - [2025-06-28T04:17:42.916+0000] {dag.py:4180} INFO - Setting next_dagrun for extract_raw_data_pipeline to 2025-06-28 07:00:00+00:00, run_after=2025-06-28 07:01:00+00:00
[2025-06-28T04:17:42.949+0000] {processor.py:208} INFO - Processing /opt/airflow/dags/driven_data_pipeline.py took 0.274 seconds
[2025-06-28T04:18:13.238+0000] {processor.py:186} INFO - Started process (PID=631) to work on /opt/airflow/dags/driven_data_pipeline.py
[2025-06-28T04:18:13.239+0000] {processor.py:914} INFO - Processing file /opt/airflow/dags/driven_data_pipeline.py for tasks to queue
[2025-06-28T04:18:13.242+0000] {logging_mixin.py:190} INFO - [2025-06-28T04:18:13.242+0000] {dagbag.py:588} INFO - Filling up the DagBag from /opt/airflow/dags/driven_data_pipeline.py
[2025-06-28T04:18:13.412+0000] {processor.py:925} INFO - DAG(s) 'extract_raw_data_pipeline' retrieved from /opt/airflow/dags/driven_data_pipeline.py
[2025-06-28T04:18:13.445+0000] {logging_mixin.py:190} INFO - [2025-06-28T04:18:13.445+0000] {dag.py:3239} INFO - Sync 1 DAGs
[2025-06-28T04:18:13.471+0000] {logging_mixin.py:190} INFO - [2025-06-28T04:18:13.470+0000] {dag.py:4180} INFO - Setting next_dagrun for extract_raw_data_pipeline to 2025-06-28 07:00:00+00:00, run_after=2025-06-28 07:01:00+00:00
[2025-06-28T04:18:13.497+0000] {processor.py:208} INFO - Processing /opt/airflow/dags/driven_data_pipeline.py took 0.268 seconds
[2025-06-28T04:18:43.786+0000] {processor.py:186} INFO - Started process (PID=645) to work on /opt/airflow/dags/driven_data_pipeline.py
[2025-06-28T04:18:43.788+0000] {processor.py:914} INFO - Processing file /opt/airflow/dags/driven_data_pipeline.py for tasks to queue
[2025-06-28T04:18:43.792+0000] {logging_mixin.py:190} INFO - [2025-06-28T04:18:43.791+0000] {dagbag.py:588} INFO - Filling up the DagBag from /opt/airflow/dags/driven_data_pipeline.py
[2025-06-28T04:18:43.950+0000] {processor.py:925} INFO - DAG(s) 'extract_raw_data_pipeline' retrieved from /opt/airflow/dags/driven_data_pipeline.py
[2025-06-28T04:18:43.992+0000] {logging_mixin.py:190} INFO - [2025-06-28T04:18:43.991+0000] {dag.py:3239} INFO - Sync 1 DAGs
[2025-06-28T04:18:44.019+0000] {logging_mixin.py:190} INFO - [2025-06-28T04:18:44.019+0000] {dag.py:4180} INFO - Setting next_dagrun for extract_raw_data_pipeline to 2025-06-28 07:00:00+00:00, run_after=2025-06-28 07:01:00+00:00
[2025-06-28T04:18:44.053+0000] {processor.py:208} INFO - Processing /opt/airflow/dags/driven_data_pipeline.py took 0.276 seconds
[2025-06-28T04:19:14.346+0000] {processor.py:186} INFO - Started process (PID=653) to work on /opt/airflow/dags/driven_data_pipeline.py
[2025-06-28T04:19:14.347+0000] {processor.py:914} INFO - Processing file /opt/airflow/dags/driven_data_pipeline.py for tasks to queue
[2025-06-28T04:19:14.349+0000] {logging_mixin.py:190} INFO - [2025-06-28T04:19:14.349+0000] {dagbag.py:588} INFO - Filling up the DagBag from /opt/airflow/dags/driven_data_pipeline.py
[2025-06-28T04:19:14.517+0000] {processor.py:925} INFO - DAG(s) 'extract_raw_data_pipeline' retrieved from /opt/airflow/dags/driven_data_pipeline.py
[2025-06-28T04:19:14.559+0000] {logging_mixin.py:190} INFO - [2025-06-28T04:19:14.558+0000] {dag.py:3239} INFO - Sync 1 DAGs
[2025-06-28T04:19:14.594+0000] {logging_mixin.py:190} INFO - [2025-06-28T04:19:14.594+0000] {dag.py:4180} INFO - Setting next_dagrun for extract_raw_data_pipeline to 2025-06-28 07:00:00+00:00, run_after=2025-06-28 07:01:00+00:00
[2025-06-28T04:19:14.624+0000] {processor.py:208} INFO - Processing /opt/airflow/dags/driven_data_pipeline.py took 0.287 seconds
[2025-06-28T04:19:44.918+0000] {processor.py:186} INFO - Started process (PID=661) to work on /opt/airflow/dags/driven_data_pipeline.py
[2025-06-28T04:19:44.921+0000] {processor.py:914} INFO - Processing file /opt/airflow/dags/driven_data_pipeline.py for tasks to queue
[2025-06-28T04:19:44.924+0000] {logging_mixin.py:190} INFO - [2025-06-28T04:19:44.924+0000] {dagbag.py:588} INFO - Filling up the DagBag from /opt/airflow/dags/driven_data_pipeline.py
[2025-06-28T04:19:45.079+0000] {processor.py:925} INFO - DAG(s) 'extract_raw_data_pipeline' retrieved from /opt/airflow/dags/driven_data_pipeline.py
[2025-06-28T04:19:45.119+0000] {logging_mixin.py:190} INFO - [2025-06-28T04:19:45.119+0000] {dag.py:3239} INFO - Sync 1 DAGs
[2025-06-28T04:19:45.147+0000] {logging_mixin.py:190} INFO - [2025-06-28T04:19:45.146+0000] {dag.py:4180} INFO - Setting next_dagrun for extract_raw_data_pipeline to 2025-06-28 07:00:00+00:00, run_after=2025-06-28 07:01:00+00:00
[2025-06-28T04:19:45.177+0000] {processor.py:208} INFO - Processing /opt/airflow/dags/driven_data_pipeline.py took 0.268 seconds
[2025-06-28T04:20:15.472+0000] {processor.py:186} INFO - Started process (PID=669) to work on /opt/airflow/dags/driven_data_pipeline.py
[2025-06-28T04:20:15.473+0000] {processor.py:914} INFO - Processing file /opt/airflow/dags/driven_data_pipeline.py for tasks to queue
[2025-06-28T04:20:15.475+0000] {logging_mixin.py:190} INFO - [2025-06-28T04:20:15.475+0000] {dagbag.py:588} INFO - Filling up the DagBag from /opt/airflow/dags/driven_data_pipeline.py
[2025-06-28T04:20:15.650+0000] {processor.py:925} INFO - DAG(s) 'extract_raw_data_pipeline' retrieved from /opt/airflow/dags/driven_data_pipeline.py
[2025-06-28T04:20:15.691+0000] {logging_mixin.py:190} INFO - [2025-06-28T04:20:15.691+0000] {dag.py:3239} INFO - Sync 1 DAGs
[2025-06-28T04:20:15.724+0000] {logging_mixin.py:190} INFO - [2025-06-28T04:20:15.723+0000] {dag.py:4180} INFO - Setting next_dagrun for extract_raw_data_pipeline to 2025-06-28 07:00:00+00:00, run_after=2025-06-28 07:01:00+00:00
[2025-06-28T04:20:15.753+0000] {processor.py:208} INFO - Processing /opt/airflow/dags/driven_data_pipeline.py took 0.293 seconds
[2025-06-28T04:20:46.044+0000] {processor.py:186} INFO - Started process (PID=677) to work on /opt/airflow/dags/driven_data_pipeline.py
[2025-06-28T04:20:46.046+0000] {processor.py:914} INFO - Processing file /opt/airflow/dags/driven_data_pipeline.py for tasks to queue
[2025-06-28T04:20:46.049+0000] {logging_mixin.py:190} INFO - [2025-06-28T04:20:46.048+0000] {dagbag.py:588} INFO - Filling up the DagBag from /opt/airflow/dags/driven_data_pipeline.py
[2025-06-28T04:20:46.210+0000] {processor.py:925} INFO - DAG(s) 'extract_raw_data_pipeline' retrieved from /opt/airflow/dags/driven_data_pipeline.py
[2025-06-28T04:20:46.252+0000] {logging_mixin.py:190} INFO - [2025-06-28T04:20:46.252+0000] {dag.py:3239} INFO - Sync 1 DAGs
[2025-06-28T04:20:46.285+0000] {logging_mixin.py:190} INFO - [2025-06-28T04:20:46.284+0000] {dag.py:4180} INFO - Setting next_dagrun for extract_raw_data_pipeline to 2025-06-28 07:00:00+00:00, run_after=2025-06-28 07:01:00+00:00
[2025-06-28T04:20:46.316+0000] {processor.py:208} INFO - Processing /opt/airflow/dags/driven_data_pipeline.py took 0.284 seconds
[2025-06-28T04:21:16.608+0000] {processor.py:186} INFO - Started process (PID=685) to work on /opt/airflow/dags/driven_data_pipeline.py
[2025-06-28T04:21:16.608+0000] {processor.py:914} INFO - Processing file /opt/airflow/dags/driven_data_pipeline.py for tasks to queue
[2025-06-28T04:21:16.611+0000] {logging_mixin.py:190} INFO - [2025-06-28T04:21:16.610+0000] {dagbag.py:588} INFO - Filling up the DagBag from /opt/airflow/dags/driven_data_pipeline.py
[2025-06-28T04:21:16.775+0000] {processor.py:925} INFO - DAG(s) 'extract_raw_data_pipeline' retrieved from /opt/airflow/dags/driven_data_pipeline.py
[2025-06-28T04:21:16.815+0000] {logging_mixin.py:190} INFO - [2025-06-28T04:21:16.815+0000] {dag.py:3239} INFO - Sync 1 DAGs
[2025-06-28T04:21:16.847+0000] {logging_mixin.py:190} INFO - [2025-06-28T04:21:16.847+0000] {dag.py:4180} INFO - Setting next_dagrun for extract_raw_data_pipeline to 2025-06-28 07:00:00+00:00, run_after=2025-06-28 07:01:00+00:00
[2025-06-28T04:21:16.881+0000] {processor.py:208} INFO - Processing /opt/airflow/dags/driven_data_pipeline.py took 0.284 seconds
[2025-06-28T04:21:47.176+0000] {processor.py:186} INFO - Started process (PID=693) to work on /opt/airflow/dags/driven_data_pipeline.py
[2025-06-28T04:21:47.179+0000] {processor.py:914} INFO - Processing file /opt/airflow/dags/driven_data_pipeline.py for tasks to queue
[2025-06-28T04:21:47.182+0000] {logging_mixin.py:190} INFO - [2025-06-28T04:21:47.182+0000] {dagbag.py:588} INFO - Filling up the DagBag from /opt/airflow/dags/driven_data_pipeline.py
[2025-06-28T04:21:47.343+0000] {processor.py:925} INFO - DAG(s) 'extract_raw_data_pipeline' retrieved from /opt/airflow/dags/driven_data_pipeline.py
[2025-06-28T04:21:47.385+0000] {logging_mixin.py:190} INFO - [2025-06-28T04:21:47.384+0000] {dag.py:3239} INFO - Sync 1 DAGs
[2025-06-28T04:21:47.411+0000] {logging_mixin.py:190} INFO - [2025-06-28T04:21:47.411+0000] {dag.py:4180} INFO - Setting next_dagrun for extract_raw_data_pipeline to 2025-06-28 07:00:00+00:00, run_after=2025-06-28 07:01:00+00:00
[2025-06-28T04:21:47.439+0000] {processor.py:208} INFO - Processing /opt/airflow/dags/driven_data_pipeline.py took 0.275 seconds
[2025-06-28T04:22:17.735+0000] {processor.py:186} INFO - Started process (PID=700) to work on /opt/airflow/dags/driven_data_pipeline.py
[2025-06-28T04:22:17.736+0000] {processor.py:914} INFO - Processing file /opt/airflow/dags/driven_data_pipeline.py for tasks to queue
[2025-06-28T04:22:17.738+0000] {logging_mixin.py:190} INFO - [2025-06-28T04:22:17.738+0000] {dagbag.py:588} INFO - Filling up the DagBag from /opt/airflow/dags/driven_data_pipeline.py
[2025-06-28T04:22:17.914+0000] {processor.py:925} INFO - DAG(s) 'extract_raw_data_pipeline' retrieved from /opt/airflow/dags/driven_data_pipeline.py
[2025-06-28T04:22:17.956+0000] {logging_mixin.py:190} INFO - [2025-06-28T04:22:17.955+0000] {dag.py:3239} INFO - Sync 1 DAGs
[2025-06-28T04:22:17.987+0000] {logging_mixin.py:190} INFO - [2025-06-28T04:22:17.987+0000] {dag.py:4180} INFO - Setting next_dagrun for extract_raw_data_pipeline to 2025-06-28 07:00:00+00:00, run_after=2025-06-28 07:01:00+00:00
[2025-06-28T04:22:18.016+0000] {processor.py:208} INFO - Processing /opt/airflow/dags/driven_data_pipeline.py took 0.292 seconds
[2025-06-28T04:22:48.302+0000] {processor.py:186} INFO - Started process (PID=708) to work on /opt/airflow/dags/driven_data_pipeline.py
[2025-06-28T04:22:48.303+0000] {processor.py:914} INFO - Processing file /opt/airflow/dags/driven_data_pipeline.py for tasks to queue
[2025-06-28T04:22:48.305+0000] {logging_mixin.py:190} INFO - [2025-06-28T04:22:48.304+0000] {dagbag.py:588} INFO - Filling up the DagBag from /opt/airflow/dags/driven_data_pipeline.py
[2025-06-28T04:22:48.466+0000] {processor.py:925} INFO - DAG(s) 'extract_raw_data_pipeline' retrieved from /opt/airflow/dags/driven_data_pipeline.py
[2025-06-28T04:22:48.502+0000] {logging_mixin.py:190} INFO - [2025-06-28T04:22:48.502+0000] {dag.py:3239} INFO - Sync 1 DAGs
[2025-06-28T04:22:48.530+0000] {logging_mixin.py:190} INFO - [2025-06-28T04:22:48.530+0000] {dag.py:4180} INFO - Setting next_dagrun for extract_raw_data_pipeline to 2025-06-28 07:00:00+00:00, run_after=2025-06-28 07:01:00+00:00
[2025-06-28T04:22:48.561+0000] {processor.py:208} INFO - Processing /opt/airflow/dags/driven_data_pipeline.py took 0.269 seconds
[2025-06-28T04:23:18.845+0000] {processor.py:186} INFO - Started process (PID=715) to work on /opt/airflow/dags/driven_data_pipeline.py
[2025-06-28T04:23:18.846+0000] {processor.py:914} INFO - Processing file /opt/airflow/dags/driven_data_pipeline.py for tasks to queue
[2025-06-28T04:23:18.849+0000] {logging_mixin.py:190} INFO - [2025-06-28T04:23:18.849+0000] {dagbag.py:588} INFO - Filling up the DagBag from /opt/airflow/dags/driven_data_pipeline.py
[2025-06-28T04:23:19.021+0000] {processor.py:925} INFO - DAG(s) 'extract_raw_data_pipeline' retrieved from /opt/airflow/dags/driven_data_pipeline.py
[2025-06-28T04:23:19.058+0000] {logging_mixin.py:190} INFO - [2025-06-28T04:23:19.058+0000] {dag.py:3239} INFO - Sync 1 DAGs
[2025-06-28T04:23:19.096+0000] {logging_mixin.py:190} INFO - [2025-06-28T04:23:19.095+0000] {dag.py:4180} INFO - Setting next_dagrun for extract_raw_data_pipeline to 2025-06-28 07:00:00+00:00, run_after=2025-06-28 07:01:00+00:00
[2025-06-28T04:23:19.123+0000] {processor.py:208} INFO - Processing /opt/airflow/dags/driven_data_pipeline.py took 0.289 seconds
[2025-06-28T04:23:49.416+0000] {processor.py:186} INFO - Started process (PID=723) to work on /opt/airflow/dags/driven_data_pipeline.py
[2025-06-28T04:23:49.417+0000] {processor.py:914} INFO - Processing file /opt/airflow/dags/driven_data_pipeline.py for tasks to queue
[2025-06-28T04:23:49.419+0000] {logging_mixin.py:190} INFO - [2025-06-28T04:23:49.419+0000] {dagbag.py:588} INFO - Filling up the DagBag from /opt/airflow/dags/driven_data_pipeline.py
[2025-06-28T04:23:49.576+0000] {processor.py:925} INFO - DAG(s) 'extract_raw_data_pipeline' retrieved from /opt/airflow/dags/driven_data_pipeline.py
[2025-06-28T04:23:49.620+0000] {logging_mixin.py:190} INFO - [2025-06-28T04:23:49.620+0000] {dag.py:3239} INFO - Sync 1 DAGs
[2025-06-28T04:23:49.649+0000] {logging_mixin.py:190} INFO - [2025-06-28T04:23:49.648+0000] {dag.py:4180} INFO - Setting next_dagrun for extract_raw_data_pipeline to 2025-06-28 07:00:00+00:00, run_after=2025-06-28 07:01:00+00:00
[2025-06-28T04:23:49.681+0000] {processor.py:208} INFO - Processing /opt/airflow/dags/driven_data_pipeline.py took 0.276 seconds
[2025-06-28T04:24:19.976+0000] {processor.py:186} INFO - Started process (PID=731) to work on /opt/airflow/dags/driven_data_pipeline.py
[2025-06-28T04:24:19.978+0000] {processor.py:914} INFO - Processing file /opt/airflow/dags/driven_data_pipeline.py for tasks to queue
[2025-06-28T04:24:19.981+0000] {logging_mixin.py:190} INFO - [2025-06-28T04:24:19.981+0000] {dagbag.py:588} INFO - Filling up the DagBag from /opt/airflow/dags/driven_data_pipeline.py
[2025-06-28T04:24:20.149+0000] {processor.py:925} INFO - DAG(s) 'extract_raw_data_pipeline' retrieved from /opt/airflow/dags/driven_data_pipeline.py
[2025-06-28T04:24:20.186+0000] {logging_mixin.py:190} INFO - [2025-06-28T04:24:20.185+0000] {dag.py:3239} INFO - Sync 1 DAGs
[2025-06-28T04:24:20.207+0000] {logging_mixin.py:190} INFO - [2025-06-28T04:24:20.207+0000] {dag.py:4180} INFO - Setting next_dagrun for extract_raw_data_pipeline to 2025-06-28 07:00:00+00:00, run_after=2025-06-28 07:01:00+00:00
[2025-06-28T04:24:20.231+0000] {processor.py:208} INFO - Processing /opt/airflow/dags/driven_data_pipeline.py took 0.268 seconds
[2025-06-28T04:24:50.510+0000] {processor.py:186} INFO - Started process (PID=739) to work on /opt/airflow/dags/driven_data_pipeline.py
[2025-06-28T04:24:50.511+0000] {processor.py:914} INFO - Processing file /opt/airflow/dags/driven_data_pipeline.py for tasks to queue
[2025-06-28T04:24:50.513+0000] {logging_mixin.py:190} INFO - [2025-06-28T04:24:50.513+0000] {dagbag.py:588} INFO - Filling up the DagBag from /opt/airflow/dags/driven_data_pipeline.py
[2025-06-28T04:24:50.664+0000] {processor.py:925} INFO - DAG(s) 'extract_raw_data_pipeline' retrieved from /opt/airflow/dags/driven_data_pipeline.py
[2025-06-28T04:24:50.709+0000] {logging_mixin.py:190} INFO - [2025-06-28T04:24:50.709+0000] {dag.py:3239} INFO - Sync 1 DAGs
[2025-06-28T04:24:50.736+0000] {logging_mixin.py:190} INFO - [2025-06-28T04:24:50.736+0000] {dag.py:4180} INFO - Setting next_dagrun for extract_raw_data_pipeline to 2025-06-28 07:00:00+00:00, run_after=2025-06-28 07:01:00+00:00
[2025-06-28T04:24:50.770+0000] {processor.py:208} INFO - Processing /opt/airflow/dags/driven_data_pipeline.py took 0.269 seconds
[2025-06-28T04:25:21.056+0000] {processor.py:186} INFO - Started process (PID=747) to work on /opt/airflow/dags/driven_data_pipeline.py
[2025-06-28T04:25:21.059+0000] {processor.py:914} INFO - Processing file /opt/airflow/dags/driven_data_pipeline.py for tasks to queue
[2025-06-28T04:25:21.065+0000] {logging_mixin.py:190} INFO - [2025-06-28T04:25:21.064+0000] {dagbag.py:588} INFO - Filling up the DagBag from /opt/airflow/dags/driven_data_pipeline.py
[2025-06-28T04:25:21.254+0000] {processor.py:925} INFO - DAG(s) 'extract_raw_data_pipeline' retrieved from /opt/airflow/dags/driven_data_pipeline.py
[2025-06-28T04:25:21.299+0000] {logging_mixin.py:190} INFO - [2025-06-28T04:25:21.298+0000] {dag.py:3239} INFO - Sync 1 DAGs
[2025-06-28T04:25:21.339+0000] {logging_mixin.py:190} INFO - [2025-06-28T04:25:21.338+0000] {dag.py:4180} INFO - Setting next_dagrun for extract_raw_data_pipeline to 2025-06-28 07:00:00+00:00, run_after=2025-06-28 07:01:00+00:00
[2025-06-28T04:25:21.368+0000] {processor.py:208} INFO - Processing /opt/airflow/dags/driven_data_pipeline.py took 0.321 seconds
[2025-06-28T04:25:51.663+0000] {processor.py:186} INFO - Started process (PID=754) to work on /opt/airflow/dags/driven_data_pipeline.py
[2025-06-28T04:25:51.663+0000] {processor.py:914} INFO - Processing file /opt/airflow/dags/driven_data_pipeline.py for tasks to queue
[2025-06-28T04:25:51.666+0000] {logging_mixin.py:190} INFO - [2025-06-28T04:25:51.666+0000] {dagbag.py:588} INFO - Filling up the DagBag from /opt/airflow/dags/driven_data_pipeline.py
[2025-06-28T04:25:51.821+0000] {processor.py:925} INFO - DAG(s) 'extract_raw_data_pipeline' retrieved from /opt/airflow/dags/driven_data_pipeline.py
[2025-06-28T04:25:51.863+0000] {logging_mixin.py:190} INFO - [2025-06-28T04:25:51.862+0000] {dag.py:3239} INFO - Sync 1 DAGs
[2025-06-28T04:25:51.896+0000] {logging_mixin.py:190} INFO - [2025-06-28T04:25:51.896+0000] {dag.py:4180} INFO - Setting next_dagrun for extract_raw_data_pipeline to 2025-06-28 07:00:00+00:00, run_after=2025-06-28 07:01:00+00:00
[2025-06-28T04:25:51.929+0000] {processor.py:208} INFO - Processing /opt/airflow/dags/driven_data_pipeline.py took 0.275 seconds
[2025-06-28T04:26:22.215+0000] {processor.py:186} INFO - Started process (PID=762) to work on /opt/airflow/dags/driven_data_pipeline.py
[2025-06-28T04:26:22.217+0000] {processor.py:914} INFO - Processing file /opt/airflow/dags/driven_data_pipeline.py for tasks to queue
[2025-06-28T04:26:22.220+0000] {logging_mixin.py:190} INFO - [2025-06-28T04:26:22.220+0000] {dagbag.py:588} INFO - Filling up the DagBag from /opt/airflow/dags/driven_data_pipeline.py
[2025-06-28T04:26:22.384+0000] {processor.py:925} INFO - DAG(s) 'extract_raw_data_pipeline' retrieved from /opt/airflow/dags/driven_data_pipeline.py
[2025-06-28T04:26:22.422+0000] {logging_mixin.py:190} INFO - [2025-06-28T04:26:22.422+0000] {dag.py:3239} INFO - Sync 1 DAGs
[2025-06-28T04:26:22.451+0000] {logging_mixin.py:190} INFO - [2025-06-28T04:26:22.451+0000] {dag.py:4180} INFO - Setting next_dagrun for extract_raw_data_pipeline to 2025-06-28 07:00:00+00:00, run_after=2025-06-28 07:01:00+00:00
[2025-06-28T04:26:22.484+0000] {processor.py:208} INFO - Processing /opt/airflow/dags/driven_data_pipeline.py took 0.281 seconds
[2025-06-28T04:26:52.766+0000] {processor.py:186} INFO - Started process (PID=770) to work on /opt/airflow/dags/driven_data_pipeline.py
[2025-06-28T04:26:52.767+0000] {processor.py:914} INFO - Processing file /opt/airflow/dags/driven_data_pipeline.py for tasks to queue
[2025-06-28T04:26:52.770+0000] {logging_mixin.py:190} INFO - [2025-06-28T04:26:52.770+0000] {dagbag.py:588} INFO - Filling up the DagBag from /opt/airflow/dags/driven_data_pipeline.py
[2025-06-28T04:26:52.971+0000] {processor.py:925} INFO - DAG(s) 'extract_raw_data_pipeline' retrieved from /opt/airflow/dags/driven_data_pipeline.py
[2025-06-28T04:26:53.017+0000] {logging_mixin.py:190} INFO - [2025-06-28T04:26:53.016+0000] {dag.py:3239} INFO - Sync 1 DAGs
[2025-06-28T04:26:53.047+0000] {logging_mixin.py:190} INFO - [2025-06-28T04:26:53.046+0000] {dag.py:4180} INFO - Setting next_dagrun for extract_raw_data_pipeline to 2025-06-28 07:00:00+00:00, run_after=2025-06-28 07:01:00+00:00
[2025-06-28T04:26:53.084+0000] {processor.py:208} INFO - Processing /opt/airflow/dags/driven_data_pipeline.py took 0.327 seconds
[2025-06-28T04:27:23.364+0000] {processor.py:186} INFO - Started process (PID=778) to work on /opt/airflow/dags/driven_data_pipeline.py
[2025-06-28T04:27:23.366+0000] {processor.py:914} INFO - Processing file /opt/airflow/dags/driven_data_pipeline.py for tasks to queue
[2025-06-28T04:27:23.369+0000] {logging_mixin.py:190} INFO - [2025-06-28T04:27:23.369+0000] {dagbag.py:588} INFO - Filling up the DagBag from /opt/airflow/dags/driven_data_pipeline.py
[2025-06-28T04:27:23.526+0000] {processor.py:925} INFO - DAG(s) 'extract_raw_data_pipeline' retrieved from /opt/airflow/dags/driven_data_pipeline.py
[2025-06-28T04:27:23.570+0000] {logging_mixin.py:190} INFO - [2025-06-28T04:27:23.569+0000] {dag.py:3239} INFO - Sync 1 DAGs
[2025-06-28T04:27:23.603+0000] {logging_mixin.py:190} INFO - [2025-06-28T04:27:23.603+0000] {dag.py:4180} INFO - Setting next_dagrun for extract_raw_data_pipeline to 2025-06-28 07:00:00+00:00, run_after=2025-06-28 07:01:00+00:00
[2025-06-28T04:27:23.633+0000] {processor.py:208} INFO - Processing /opt/airflow/dags/driven_data_pipeline.py took 0.277 seconds
[2025-06-28T04:27:53.931+0000] {processor.py:186} INFO - Started process (PID=786) to work on /opt/airflow/dags/driven_data_pipeline.py
[2025-06-28T04:27:53.932+0000] {processor.py:914} INFO - Processing file /opt/airflow/dags/driven_data_pipeline.py for tasks to queue
[2025-06-28T04:27:53.934+0000] {logging_mixin.py:190} INFO - [2025-06-28T04:27:53.934+0000] {dagbag.py:588} INFO - Filling up the DagBag from /opt/airflow/dags/driven_data_pipeline.py
[2025-06-28T04:27:54.086+0000] {processor.py:925} INFO - DAG(s) 'extract_raw_data_pipeline' retrieved from /opt/airflow/dags/driven_data_pipeline.py
[2025-06-28T04:27:54.128+0000] {logging_mixin.py:190} INFO - [2025-06-28T04:27:54.127+0000] {dag.py:3239} INFO - Sync 1 DAGs
[2025-06-28T04:27:54.156+0000] {logging_mixin.py:190} INFO - [2025-06-28T04:27:54.155+0000] {dag.py:4180} INFO - Setting next_dagrun for extract_raw_data_pipeline to 2025-06-28 07:00:00+00:00, run_after=2025-06-28 07:01:00+00:00
[2025-06-28T04:27:54.186+0000] {processor.py:208} INFO - Processing /opt/airflow/dags/driven_data_pipeline.py took 0.266 seconds
